Java HotSpot(TM) 64-Bit Server VM (25.251-b08) for bsd-amd64 JRE (1.8.0_251-b08), built on Mar 12 2020 02:36:37 by "java_re" with gcc 4.2.1 (Based on Apple Inc. build 5658) (LLVM build 2336.11.00)
Memory: 4k page, physical 16777216k(800772k free)

/proc/meminfo:

CommandLine flags: -XX:-BytecodeVerificationLocal -XX:-BytecodeVerificationRemote -XX:InitialHeapSize=10485760 -XX:+ManagementServer -XX:MaxHeapSize=10485760 -XX:MaxNewSize=5242880 -XX:NewSize=5242880 -XX:OldPLABSize=16 -XX:PretenureSizeThreshold=10485760 -XX:+PrintGC -XX:+PrintGCDetails -XX:+PrintGCTimeStamps -XX:SurvivorRatio=8 -XX:TieredStopAtLevel=1 -XX:+UseCompressedClassPointers -XX:+UseCompressedOops -XX:+UseConcMarkSweepGC -XX:+UseParNewGC 
0.213: [GC (Allocation Failure) 0.213: [ParNew: 4096K->512K(4608K), 0.0049500 secs] 4096K->926K(9728K), 0.0050683 secs] [Times: user=0.02 sys=0.01, real=0.00 secs] 
0.320: [GC (Allocation Failure) 0.320: [ParNew: 4608K->512K(4608K), 0.0033238 secs] 5022K->1566K(9728K), 0.0034110 secs] [Times: user=0.01 sys=0.00, real=0.01 secs] 
0.389: [GC (Allocation Failure) 0.389: [ParNew: 4608K->512K(4608K), 0.0027846 secs] 5662K->2352K(9728K), 0.0028755 secs] [Times: user=0.01 sys=0.00, real=0.01 secs] 
0.426: [GC (Allocation Failure) 0.426: [ParNew: 4608K->511K(4608K), 0.0020662 secs] 6448K->2923K(9728K), 0.0021429 secs] [Times: user=0.01 sys=0.00, real=0.00 secs] 
0.453: [GC (Allocation Failure) 0.453: [ParNew: 4607K->512K(4608K), 0.0015304 secs] 7019K->3254K(9728K), 0.0016053 secs] [Times: user=0.01 sys=0.00, real=0.00 secs] 
0.455: [GC (CMS Initial Mark) [1 CMS-initial-mark: 2742K(5120K)] 3335K(9728K), 0.0003840 secs] [Times: user=0.00 sys=0.00, real=0.00 secs] 
0.455: [CMS-concurrent-mark-start]
0.457: [CMS-concurrent-mark: 0.002/0.002 secs] [Times: user=0.01 sys=0.00, real=0.00 secs] 
0.457: [CMS-concurrent-preclean-start]
0.458: [CMS-concurrent-preclean: 0.000/0.000 secs] [Times: user=0.00 sys=0.00, real=0.00 secs] 
0.458: [GC (CMS Final Remark) [YG occupancy: 835 K (4608 K)]0.458: [Rescan (parallel) , 0.0008871 secs]0.459: [weak refs processing, 0.0000513 secs]0.459: [class unloading, 0.0006516 secs]0.459: [scrub symbol table, 0.0006171 secs]0.460: [scrub string table, 0.0002099 secs][1 CMS-remark: 2742K(5120K)] 3578K(9728K), 0.0025953 secs] [Times: user=0.01 sys=0.00, real=0.00 secs] 
0.460: [CMS-concurrent-sweep-start]
0.461: [CMS-concurrent-sweep: 0.001/0.001 secs] [Times: user=0.00 sys=0.00, real=0.01 secs] 
0.462: [CMS-concurrent-reset-start]
0.462: [CMS-concurrent-reset: 0.000/0.000 secs] [Times: user=0.00 sys=0.00, real=0.00 secs] 
0.483: [GC (Allocation Failure) 0.483: [ParNew: 4608K->512K(4608K), 0.0013075 secs] 6805K->3051K(9728K), 0.0013773 secs] [Times: user=0.00 sys=0.00, real=0.00 secs] 
0.504: [GC (Allocation Failure) 0.504: [ParNew: 4608K->512K(4608K), 0.0015352 secs] 7147K->3270K(9728K), 0.0016050 secs] [Times: user=0.00 sys=0.00, real=0.00 secs] 
0.529: [GC (Allocation Failure) 0.529: [ParNew: 4608K->370K(4608K), 0.0011344 secs] 7366K->3171K(9728K), 0.0012093 secs] [Times: user=0.01 sys=0.00, real=0.00 secs] 
0.547: [GC (Allocation Failure) 0.547: [ParNew: 4466K->402K(4608K), 0.0010198 secs] 7267K->3325K(9728K), 0.0010878 secs] [Times: user=0.00 sys=0.00, real=0.00 secs] 
0.576: [GC (Allocation Failure) 0.576: [ParNew: 4498K->452K(4608K), 0.0013369 secs] 7421K->3499K(9728K), 0.0014034 secs] [Times: user=0.01 sys=0.00, real=0.00 secs] 
0.595: [GC (Allocation Failure) 0.595: [ParNew: 4548K->511K(4608K), 0.0008799 secs] 7595K->3817K(9728K), 0.0009555 secs] [Times: user=0.00 sys=0.00, real=0.00 secs] 
0.608: [GC (Allocation Failure) 0.608: [ParNew: 4607K->509K(4608K), 0.0007038 secs] 7913K->3938K(9728K), 0.0007771 secs] [Times: user=0.00 sys=0.00, real=0.00 secs] 
0.625: [GC (Allocation Failure) 0.625: [ParNew: 4605K->480K(4608K), 0.0011431 secs] 8034K->4033K(9728K), 0.0012311 secs] [Times: user=0.01 sys=0.00, real=0.00 secs] 
0.638: [GC (Allocation Failure) 0.638: [ParNew: 4576K->423K(4608K), 0.0010753 secs] 8129K->4164K(9728K), 0.0011492 secs] [Times: user=0.01 sys=0.00, real=0.00 secs] 
0.652: [GC (Allocation Failure) 0.652: [ParNew: 4519K->339K(4608K), 0.0006623 secs] 8260K->4182K(9728K), 0.0007402 secs] [Times: user=0.00 sys=0.00, real=0.00 secs] 
0.664: [GC (Allocation Failure) 0.664: [ParNew: 4435K->462K(4608K), 0.0012108 secs] 8278K->4440K(9728K), 0.0012720 secs] [Times: user=0.00 sys=0.00, real=0.00 secs] 
0.675: [GC (Allocation Failure) 0.676: [ParNew: 4558K->327K(4608K), 0.0007548 secs] 8536K->4392K(9728K), 0.0008118 secs] [Times: user=0.00 sys=0.00, real=0.00 secs] 
0.687: [GC (Allocation Failure) 0.687: [ParNew: 4423K->404K(4608K), 0.0008298 secs] 8488K->4577K(9728K), 0.0009029 secs] [Times: user=0.01 sys=0.00, real=0.00 secs] 
0.698: [GC (Allocation Failure) 0.698: [ParNew: 4500K->358K(4608K), 0.0010613 secs] 8673K->4665K(9728K), 0.0011182 secs] [Times: user=0.00 sys=0.00, real=0.00 secs] 
0.709: [GC (Allocation Failure) 0.709: [ParNew: 4454K->403K(4608K), 0.0011730 secs] 8761K->4819K(9728K), 0.0012367 secs] [Times: user=0.00 sys=0.00, real=0.00 secs] 
0.720: [GC (Allocation Failure) 0.720: [ParNew (promotion failed): 4499K->4607K(4608K), 0.0014127 secs]0.721: [CMS: 4566K->4189K(5120K), 0.0150603 secs] 8915K->4189K(9728K), [Metaspace: 15053K->15053K(1062912K)], 0.0165855 secs] [Times: user=0.02 sys=0.00, real=0.02 secs] 
0.747: [GC (Allocation Failure) 0.747: [ParNew: 4096K->437K(4608K), 0.0011163 secs] 8285K->4626K(9728K), 0.0011717 secs] [Times: user=0.01 sys=0.00, real=0.00 secs] 
0.758: [GC (Allocation Failure) 0.758: [ParNew: 4533K->475K(4608K), 0.0014775 secs] 8722K->4752K(9728K), 0.0015534 secs] [Times: user=0.01 sys=0.00, real=0.00 secs] 
0.770: [GC (Allocation Failure) 0.770: [ParNew: 4558K->440K(4608K), 0.0014127 secs] 8836K->4840K(9728K), 0.0014901 secs] [Times: user=0.00 sys=0.00, real=0.01 secs] 
0.784: [GC (Allocation Failure) 0.784: [ParNew: 4536K->455K(4608K), 0.0012467 secs] 8936K->4949K(9728K), 0.0013150 secs] [Times: user=0.01 sys=0.00, real=0.00 secs] 
0.799: [GC (Allocation Failure) 0.799: [ParNew: 4551K->378K(4608K), 0.0008822 secs] 9045K->4963K(9728K), 0.0009460 secs] [Times: user=0.01 sys=0.00, real=0.00 secs] 
0.813: [GC (Allocation Failure) 0.813: [ParNew: 4474K->511K(4608K), 0.0017228 secs] 9059K->5282K(9728K), 0.0017858 secs] [Times: user=0.01 sys=0.00, real=0.00 secs] 
0.815: [GC (CMS Initial Mark) [1 CMS-initial-mark: 4771K(5120K)] 5365K(9728K), 0.0002818 secs] [Times: user=0.00 sys=0.00, real=0.00 secs] 
0.816: [CMS-concurrent-mark-start]
0.820: [CMS-concurrent-mark: 0.004/0.004 secs] [Times: user=0.02 sys=0.00, real=0.00 secs] 
0.820: [CMS-concurrent-preclean-start]
0.821: [CMS-concurrent-preclean: 0.000/0.000 secs] [Times: user=0.00 sys=0.00, real=0.00 secs] 
0.821: [GC (CMS Final Remark) [YG occupancy: 2033 K (4608 K)]0.821: [Rescan (parallel) , 0.0008968 secs]0.822: [weak refs processing, 0.0000222 secs]0.822: [class unloading, 0.0012114 secs]0.823: [scrub symbol table, 0.0014506 secs]0.825: [scrub string table, 0.0002602 secs][1 CMS-remark: 4771K(5120K)] 6804K(9728K), 0.0039768 secs] [Times: user=0.01 sys=0.00, real=0.00 secs] 
0.825: [CMS-concurrent-sweep-start]
0.827: [CMS-concurrent-sweep: 0.002/0.002 secs] [Times: user=0.00 sys=0.00, real=0.00 secs] 
0.827: [CMS-concurrent-reset-start]
0.827: [CMS-concurrent-reset: 0.000/0.000 secs] [Times: user=0.00 sys=0.00, real=0.00 secs] 
0.833: [GC (Allocation Failure) 0.833: [ParNew: 4607K->511K(4608K), 0.0014703 secs] 8877K->4881K(9728K), 0.0015361 secs] [Times: user=0.00 sys=0.00, real=0.00 secs] 
0.845: [GC (Allocation Failure) 0.846: [ParNew: 4605K->511K(4608K), 0.0013196 secs] 8975K->5077K(9728K), 0.0013844 secs] [Times: user=0.00 sys=0.00, real=0.00 secs] 
0.858: [GC (Allocation Failure) 0.858: [ParNew: 4607K->510K(4608K), 0.0018193 secs] 9173K->5155K(9728K), 0.0018860 secs] [Times: user=0.00 sys=0.00, real=0.00 secs] 
0.875: [GC (Allocation Failure) 0.875: [ParNew: 4606K->509K(4608K), 0.0015950 secs] 9251K->5233K(9728K), 0.0016745 secs] [Times: user=0.00 sys=0.00, real=0.00 secs] 
0.876: [GC (CMS Initial Mark) [1 CMS-initial-mark: 4724K(5120K)] 5273K(9728K), 0.0003371 secs] [Times: user=0.01 sys=0.00, real=0.00 secs] 
0.877: [CMS-concurrent-mark-start]
0.884: [CMS-concurrent-mark: 0.007/0.007 secs] [Times: user=0.03 sys=0.00, real=0.01 secs] 
0.884: [CMS-concurrent-preclean-start]
0.884: [CMS-concurrent-preclean: 0.000/0.000 secs] [Times: user=0.00 sys=0.00, real=0.00 secs] 
0.885: [GC (CMS Final Remark) [YG occupancy: 2146 K (4608 K)]0.885: [Rescan (parallel) , 0.0019526 secs]0.887: [weak refs processing, 0.0000242 secs]0.887: [class unloading, 0.0012999 secs]0.888: [scrub symbol table, 0.0018679 secs]0.890: [scrub string table, 0.0002641 secs][1 CMS-remark: 4724K(5120K)] 6871K(9728K), 0.0055724 secs] [Times: user=0.01 sys=0.00, real=0.00 secs] 
0.890: [CMS-concurrent-sweep-start]
0.892: [CMS-concurrent-sweep: 0.002/0.002 secs] [Times: user=0.01 sys=0.01, real=0.01 secs] 
0.892: [CMS-concurrent-reset-start]
0.892: [CMS-concurrent-reset: 0.000/0.000 secs] [Times: user=0.00 sys=0.00, real=0.00 secs] 
0.899: [GC (Allocation Failure) 0.899: [ParNew: 4605K->459K(4608K), 0.0013868 secs] 9131K->5103K(9728K), 0.0014496 secs] [Times: user=0.00 sys=0.00, real=0.01 secs] 
0.925: [GC (Allocation Failure) 0.925: [ParNew: 4555K->424K(4608K), 0.0029770 secs] 9199K->5174K(9728K), 0.0030639 secs] [Times: user=0.01 sys=0.00, real=0.00 secs] 
0.928: [GC (CMS Initial Mark) [1 CMS-initial-mark: 4750K(5120K)] 5225K(9728K), 0.0005432 secs] [Times: user=0.00 sys=0.00, real=0.00 secs] 
0.929: [CMS-concurrent-mark-start]
0.937: [CMS-concurrent-mark: 0.008/0.008 secs] [Times: user=0.03 sys=0.01, real=0.01 secs] 
0.937: [CMS-concurrent-preclean-start]
0.938: [CMS-concurrent-preclean: 0.001/0.001 secs] [Times: user=0.00 sys=0.00, real=0.00 secs] 
0.939: [GC (CMS Final Remark) [YG occupancy: 1875 K (4608 K)]0.939: [Rescan (parallel) , 0.0022596 secs]0.941: [weak refs processing, 0.0000272 secs]0.941: [class unloading, 0.0019518 secs]0.943: [scrub symbol table, 0.0051098 secs]0.949: [scrub string table, 0.0002749 secs][1 CMS-remark: 4750K(5120K)] 6625K(9728K), 0.0098611 secs] [Times: user=0.01 sys=0.00, real=0.01 secs] 
0.949: [CMS-concurrent-sweep-start]
0.952: [CMS-concurrent-sweep: 0.003/0.003 secs] [Times: user=0.01 sys=0.00, real=0.01 secs] 
0.952: [CMS-concurrent-reset-start]
0.952: [CMS-concurrent-reset: 0.000/0.000 secs] [Times: user=0.00 sys=0.00, real=0.00 secs] 
0.977: [GC (Allocation Failure) 0.977: [ParNew (promotion failed): 4520K->4607K(4608K), 0.0019107 secs]0.979: [CMS: 4838K->5119K(5120K), 0.0206887 secs] 9248K->5299K(9728K), [Metaspace: 21024K->21024K(1069056K)], 0.0227222 secs] [Times: user=0.03 sys=0.00, real=0.02 secs] 
1.000: [GC (CMS Initial Mark) [1 CMS-initial-mark: 5119K(5120K)] 5339K(9728K), 0.0008642 secs] [Times: user=0.00 sys=0.00, real=0.00 secs] 
1.001: [CMS-concurrent-mark-start]
1.007: [CMS-concurrent-mark: 0.007/0.007 secs] [Times: user=0.03 sys=0.00, real=0.01 secs] 
1.008: [CMS-concurrent-preclean-start]
1.015: [CMS-concurrent-preclean: 0.008/0.008 secs] [Times: user=0.02 sys=0.00, real=0.01 secs] 
1.015: [GC (CMS Final Remark) [YG occupancy: 1959 K (4608 K)]1.015: [Rescan (parallel) , 0.0009163 secs]1.016: [weak refs processing, 0.0000252 secs]1.016: [class unloading, 0.0024172 secs]1.019: [scrub symbol table, 0.0024863 secs]1.021: [scrub string table, 0.0002757 secs][1 CMS-remark: 5119K(5120K)] 7079K(9728K), 0.0062798 secs] [Times: user=0.01 sys=0.00, real=0.01 secs] 
1.022: [CMS-concurrent-sweep-start]
1.024: [CMS-concurrent-sweep: 0.002/0.002 secs] [Times: user=0.01 sys=0.01, real=0.00 secs] 
1.024: [CMS-concurrent-reset-start]
1.024: [CMS-concurrent-reset: 0.000/0.000 secs] [Times: user=0.00 sys=0.00, real=0.00 secs] 
1.045: [GC (Allocation Failure) 1.045: [ParNew: 4607K->4607K(4608K), 0.0000217 secs]1.045: [CMS: 5087K->5119K(5120K), 0.0227958 secs] 9695K->5487K(9728K), [Metaspace: 21258K->21258K(1069056K)], 0.0229064 secs] [Times: user=0.02 sys=0.00, real=0.02 secs] 
1.068: [GC (CMS Initial Mark) [1 CMS-initial-mark: 5119K(5120K)] 5534K(9728K), 0.0005004 secs] [Times: user=0.00 sys=0.00, real=0.00 secs] 
1.069: [CMS-concurrent-mark-start]
1.076: [CMS-concurrent-mark: 0.008/0.008 secs] [Times: user=0.03 sys=0.00, real=0.01 secs] 
1.077: [CMS-concurrent-preclean-start]
1.083: [CMS-concurrent-preclean: 0.007/0.007 secs] [Times: user=0.03 sys=0.00, real=0.01 secs] 
1.083: [CMS-concurrent-abortable-preclean-start]
1.083: [CMS-concurrent-abortable-preclean: 0.000/0.000 secs] [Times: user=0.00 sys=0.00, real=0.00 secs] 
1.083: [GC (CMS Final Remark) [YG occupancy: 2274 K (4608 K)]1.083: [Rescan (parallel) , 0.0010020 secs]1.084: [weak refs processing, 0.0000185 secs]1.085: [class unloading, 0.0016879 secs]1.086: [scrub symbol table, 0.0024230 secs]1.089: [scrub string table, 0.0003192 secs][1 CMS-remark: 5119K(5120K)] 7394K(9728K), 0.0056089 secs] [Times: user=0.01 sys=0.00, real=0.00 secs] 
1.089: [CMS-concurrent-sweep-start]
1.091: [CMS-concurrent-sweep: 0.002/0.002 secs] [Times: user=0.01 sys=0.00, real=0.01 secs] 
1.091: [CMS-concurrent-reset-start]
1.091: [CMS-concurrent-reset: 0.000/0.000 secs] [Times: user=0.00 sys=0.00, real=0.00 secs] 
1.099: [GC (Allocation Failure) 1.099: [ParNew: 4607K->4607K(4608K), 0.0000149 secs]1.099: [CMS: 5106K->5119K(5120K), 0.0214805 secs] 9714K->5942K(9728K), [Metaspace: 21456K->21456K(1069056K)], 0.0215700 secs] [Times: user=0.02 sys=0.01, real=0.03 secs] 
1.121: [GC (CMS Initial Mark) [1 CMS-initial-mark: 5119K(5120K)] 5967K(9728K), 0.0008409 secs] [Times: user=0.00 sys=0.00, real=0.00 secs] 
1.122: [CMS-concurrent-mark-start]
1.130: [CMS-concurrent-mark: 0.008/0.008 secs] [Times: user=0.03 sys=0.00, real=0.00 secs] 
1.130: [CMS-concurrent-preclean-start]
1.139: [CMS-concurrent-preclean: 0.009/0.009 secs] [Times: user=0.03 sys=0.00, real=0.01 secs] 
1.139: [CMS-concurrent-abortable-preclean-start]
1.139: [CMS-concurrent-abortable-preclean: 0.000/0.000 secs] [Times: user=0.00 sys=0.00, real=0.00 secs] 
1.139: [GC (CMS Final Remark) [YG occupancy: 4295 K (4608 K)]1.139: [Rescan (parallel) , 0.0009410 secs]1.140: [weak refs processing, 0.0000259 secs]1.140: [class unloading, 0.0015662 secs]1.141: [scrub symbol table, 0.0024473 secs]1.144: [scrub string table, 0.0003310 secs][1 CMS-remark: 5119K(5120K)] 9415K(9728K), 0.0054914 secs] [Times: user=0.01 sys=0.00, real=0.01 secs] 
1.144: [CMS-concurrent-sweep-start]
1.146: [Full GC (Allocation Failure) 1.146: [CMS1.147: [CMS-concurrent-sweep: 0.002/0.003 secs] [Times: user=0.00 sys=0.00, real=0.00 secs] 
 (concurrent mode failure): 5119K->5119K(5120K), 0.0250289 secs] 9727K->5269K(9728K), [Metaspace: 21507K->21507K(1069056K)], 0.0251482 secs] [Times: user=0.03 sys=0.00, real=0.03 secs] 
1.187: [Full GC (Allocation Failure) 1.187: [CMS: 5119K->5119K(5120K), 0.0219813 secs] 9727K->5726K(9728K), [Metaspace: 21755K->21755K(1069056K)], 0.0220618 secs] [Times: user=0.02 sys=0.00, real=0.02 secs] 
1.209: [GC (CMS Initial Mark) [1 CMS-initial-mark: 5119K(5120K)] 5811K(9728K), 0.0005323 secs] [Times: user=0.00 sys=0.00, real=0.00 secs] 
1.210: [CMS-concurrent-mark-start]
1.216: [CMS-concurrent-mark: 0.006/0.006 secs] [Times: user=0.03 sys=0.01, real=0.01 secs] 
1.216: [CMS-concurrent-preclean-start]
1.222: [CMS-concurrent-preclean: 0.006/0.006 secs] [Times: user=0.03 sys=0.00, real=0.01 secs] 
1.222: [CMS-concurrent-abortable-preclean-start]
1.222: [CMS-concurrent-abortable-preclean: 0.000/0.000 secs] [Times: user=0.00 sys=0.00, real=0.00 secs] 
1.223: [GC (CMS Final Remark) [YG occupancy: 3580 K (4608 K)]1.223: [Rescan (parallel) , 0.0013842 secs]1.224: [weak refs processing, 0.0000210 secs]1.224: [class unloading, 0.0016762 secs]1.226: [scrub symbol table, 0.0031812 secs]1.229: [scrub string table, 0.0003989 secs][1 CMS-remark: 5119K(5120K)] 8699K(9728K), 0.0068488 secs] [Times: user=0.02 sys=0.00, real=0.00 secs] 
1.229: [CMS-concurrent-sweep-start]
1.232: [CMS-concurrent-sweep: 0.002/0.002 secs] [Times: user=0.01 sys=0.00, real=0.01 secs] 
1.232: [CMS-concurrent-reset-start]
1.232: [CMS-concurrent-reset: 0.000/0.000 secs] [Times: user=0.00 sys=0.00, real=0.00 secs] 
1.239: [GC (Allocation Failure) 1.239: [ParNew: 4607K->4607K(4608K), 0.0000149 secs]1.239: [CMS: 5119K->5119K(5120K), 0.0246978 secs] 9727K->5846K(9728K), [Metaspace: 22202K->22202K(1069056K)], 0.0247968 secs] [Times: user=0.03 sys=0.00, real=0.03 secs] 
1.264: [GC (CMS Initial Mark) [1 CMS-initial-mark: 5119K(5120K)] 5847K(9728K), 0.0007798 secs] [Times: user=0.00 sys=0.00, real=0.00 secs] 
1.265: [CMS-concurrent-mark-start]
1.271: [CMS-concurrent-mark: 0.006/0.006 secs] [Times: user=0.02 sys=0.00, real=0.00 secs] 
1.271: [CMS-concurrent-preclean-start]
1.278: [CMS-concurrent-preclean: 0.007/0.007 secs] [Times: user=0.03 sys=0.00, real=0.01 secs] 
1.278: [CMS-concurrent-abortable-preclean-start]
1.278: [CMS-concurrent-abortable-preclean: 0.000/0.000 secs] [Times: user=0.00 sys=0.00, real=0.00 secs] 
1.278: [GC (CMS Final Remark) [YG occupancy: 2340 K (4608 K)]1.278: [Rescan (parallel) , 0.0009817 secs]1.279: [weak refs processing, 0.0000213 secs]1.279: [class unloading, 0.0015848 secs]1.281: [scrub symbol table, 0.0025997 secs]1.283: [scrub string table, 0.0003879 secs][1 CMS-remark: 5119K(5120K)] 7460K(9728K), 0.0057384 secs] [Times: user=0.01 sys=0.00, real=0.01 secs] 
1.284: [CMS-concurrent-sweep-start]
1.286: [CMS-concurrent-sweep: 0.002/0.002 secs] [Times: user=0.01 sys=0.00, real=0.00 secs] 
1.287: [CMS-concurrent-reset-start]
1.287: [CMS-concurrent-reset: 0.000/0.000 secs] [Times: user=0.00 sys=0.00, real=0.00 secs] 
1.300: [GC (Allocation Failure) 1.300: [ParNew: 4607K->4607K(4608K), 0.0000149 secs]1.300: [CMS: 5119K->5119K(5120K), 0.0222249 secs] 9727K->6062K(9728K), [Metaspace: 22362K->22362K(1069056K)], 0.0223201 secs] [Times: user=0.02 sys=0.00, real=0.03 secs] 
1.322: [GC (CMS Initial Mark) [1 CMS-initial-mark: 5119K(5120K)] 6116K(9728K), 0.0009835 secs] [Times: user=0.01 sys=0.00, real=0.00 secs] 
1.323: [CMS-concurrent-mark-start]
1.329: [CMS-concurrent-mark: 0.006/0.006 secs] [Times: user=0.01 sys=0.00, real=0.00 secs] 
1.329: [CMS-concurrent-preclean-start]
1.334: [CMS-concurrent-preclean: 0.005/0.005 secs] [Times: user=0.02 sys=0.00, real=0.01 secs] 
1.334: [CMS-concurrent-abortable-preclean-start]
1.334: [CMS-concurrent-abortable-preclean: 0.000/0.000 secs] [Times: user=0.00 sys=0.00, real=0.00 secs] 
1.334: [GC (CMS Final Remark) [YG occupancy: 2823 K (4608 K)]1.335: [Rescan (parallel) , 0.0012900 secs]1.336: [weak refs processing, 0.0000180 secs]1.336: [class unloading, 0.0015697 secs]1.337: [scrub symbol table, 0.0023519 secs]1.340: [scrub string table, 0.0003630 secs][1 CMS-remark: 5119K(5120K)] 7943K(9728K), 0.0057469 secs] [Times: user=0.01 sys=0.00, real=0.00 secs] 
1.340: [CMS-concurrent-sweep-start]
1.342: [CMS-concurrent-sweep: 0.002/0.002 secs] [Times: user=0.00 sys=0.00, real=0.01 secs] 
1.342: [CMS-concurrent-reset-start]
1.342: [CMS-concurrent-reset: 0.000/0.000 secs] [Times: user=0.00 sys=0.00, real=0.00 secs] 
1.354: [GC (Allocation Failure) 1.354: [ParNew: 4607K->4607K(4608K), 0.0000203 secs]1.354: [CMS: 5119K->5119K(5120K), 0.0236086 secs] 9727K->6186K(9728K), [Metaspace: 22405K->22405K(1069056K)], 0.0237234 secs] [Times: user=0.03 sys=0.00, real=0.02 secs] 
1.378: [GC (CMS Initial Mark) [1 CMS-initial-mark: 5119K(5120K)] 6186K(9728K), 0.0011033 secs] [Times: user=0.00 sys=0.00, real=0.00 secs] 
1.379: [CMS-concurrent-mark-start]
1.385: [CMS-concurrent-mark: 0.006/0.006 secs] [Times: user=0.02 sys=0.00, real=0.01 secs] 
1.385: [CMS-concurrent-preclean-start]
1.390: [CMS-concurrent-preclean: 0.005/0.005 secs] [Times: user=0.01 sys=0.00, real=0.00 secs] 
1.390: [CMS-concurrent-abortable-preclean-start]
1.390: [CMS-concurrent-abortable-preclean: 0.000/0.000 secs] [Times: user=0.00 sys=0.00, real=0.00 secs] 
1.390: [GC (CMS Final Remark) [YG occupancy: 3211 K (4608 K)]1.390: [Rescan (parallel) , 0.0014357 secs]1.392: [weak refs processing, 0.0000287 secs]1.392: [class unloading, 0.0016449 secs]1.394: [scrub symbol table, 0.0021762 secs]1.396: [scrub string table, 0.0004420 secs][1 CMS-remark: 5119K(5120K)] 8331K(9728K), 0.0059472 secs] [Times: user=0.02 sys=0.00, real=0.01 secs] 
1.396: [CMS-concurrent-sweep-start]
1.398: [CMS-concurrent-sweep: 0.002/0.002 secs] [Times: user=0.00 sys=0.00, real=0.00 secs] 
1.398: [CMS-concurrent-reset-start]
1.398: [CMS-concurrent-reset: 0.000/0.000 secs] [Times: user=0.00 sys=0.00, real=0.00 secs] 
1.403: [GC (Allocation Failure) 1.403: [ParNew: 4607K->4607K(4608K), 0.0000147 secs]1.403: [CMS: 5119K->5120K(5120K), 0.0216740 secs] 9727K->6290K(9728K), [Metaspace: 22470K->22470K(1069056K)], 0.0217757 secs] [Times: user=0.02 sys=0.00, real=0.02 secs] 
1.425: [GC (CMS Initial Mark) [1 CMS-initial-mark: 5120K(5120K)] 6356K(9728K), 0.0011313 secs] [Times: user=0.00 sys=0.00, real=0.00 secs] 
1.427: [CMS-concurrent-mark-start]
1.431: [CMS-concurrent-mark: 0.005/0.005 secs] [Times: user=0.02 sys=0.00, real=0.01 secs] 
1.431: [CMS-concurrent-preclean-start]
1.436: [CMS-concurrent-preclean: 0.005/0.005 secs] [Times: user=0.01 sys=0.01, real=0.00 secs] 
1.436: [CMS-concurrent-abortable-preclean-start]
1.436: [CMS-concurrent-abortable-preclean: 0.000/0.000 secs] [Times: user=0.00 sys=0.00, real=0.00 secs] 
1.436: [GC (CMS Final Remark) [YG occupancy: 3005 K (4608 K)]1.436: [Rescan (parallel) , 0.0014573 secs]1.438: [weak refs processing, 0.0000191 secs]1.438: [class unloading, 0.0015873 secs]1.439: [scrub symbol table, 0.0020655 secs]1.441: [scrub string table, 0.0003307 secs][1 CMS-remark: 5120K(5120K)] 8125K(9728K), 0.0056415 secs] [Times: user=0.01 sys=0.00, real=0.01 secs] 
1.442: [CMS-concurrent-sweep-start]
1.444: [CMS-concurrent-sweep: 0.002/0.002 secs] [Times: user=0.01 sys=0.00, real=0.00 secs] 
1.444: [CMS-concurrent-reset-start]
1.444: [CMS-concurrent-reset: 0.000/0.000 secs] [Times: user=0.00 sys=0.00, real=0.00 secs] 
1.451: [GC (Allocation Failure) 1.451: [ParNew: 4607K->4607K(4608K), 0.0000153 secs]1.451: [CMS: 5120K->5120K(5120K), 0.0218575 secs] 9727K->6470K(9728K), [Metaspace: 22508K->22508K(1069056K)], 0.0219598 secs] [Times: user=0.02 sys=0.00, real=0.02 secs] 
1.473: [GC (CMS Initial Mark) [1 CMS-initial-mark: 5120K(5120K)] 6470K(9728K), 0.0012513 secs] [Times: user=0.00 sys=0.00, real=0.00 secs] 
1.475: [CMS-concurrent-mark-start]
1.480: [CMS-concurrent-mark: 0.005/0.005 secs] [Times: user=0.02 sys=0.00, real=0.00 secs] 
1.480: [CMS-concurrent-preclean-start]
1.485: [CMS-concurrent-preclean: 0.005/0.005 secs] [Times: user=0.01 sys=0.00, real=0.01 secs] 
1.485: [CMS-concurrent-abortable-preclean-start]
1.485: [CMS-concurrent-abortable-preclean: 0.000/0.000 secs] [Times: user=0.00 sys=0.00, real=0.00 secs] 
1.485: [GC (CMS Final Remark) [YG occupancy: 3924 K (4608 K)]1.485: [Rescan (parallel) , 0.0016931 secs]1.486: [weak refs processing, 0.0000352 secs]1.486: [class unloading, 0.0016490 secs]1.488: [scrub symbol table, 0.0020607 secs]1.490: [scrub string table, 0.0003411 secs][1 CMS-remark: 5120K(5120K)] 9044K(9728K), 0.0059490 secs] [Times: user=0.02 sys=0.00, real=0.00 secs] 
1.491: [CMS-concurrent-sweep-start]
1.493: [CMS-concurrent-sweep: 0.002/0.002 secs] [Times: user=0.00 sys=0.00, real=0.00 secs] 
1.493: [CMS-concurrent-reset-start]
1.493: [CMS-concurrent-reset: 0.000/0.000 secs] [Times: user=0.00 sys=0.00, real=0.00 secs] 
1.495: [GC (Allocation Failure) 1.495: [ParNew: 4600K->4600K(4608K), 0.0000155 secs]1.495: [CMS: 5120K->5119K(5120K), 0.0224420 secs] 9720K->6231K(9728K), [Metaspace: 22552K->22552K(1069056K)], 0.0225882 secs] [Times: user=0.03 sys=0.00, real=0.02 secs] 
1.518: [GC (CMS Initial Mark) [1 CMS-initial-mark: 5119K(5120K)] 6306K(9728K), 0.0010088 secs] [Times: user=0.00 sys=0.00, real=0.00 secs] 
1.519: [CMS-concurrent-mark-start]
1.523: [CMS-concurrent-mark: 0.004/0.004 secs] [Times: user=0.01 sys=0.00, real=0.01 secs] 
1.523: [CMS-concurrent-preclean-start]
1.528: [CMS-concurrent-preclean: 0.005/0.005 secs] [Times: user=0.01 sys=0.00, real=0.00 secs] 
1.528: [CMS-concurrent-abortable-preclean-start]
1.528: [CMS-concurrent-abortable-preclean: 0.000/0.000 secs] [Times: user=0.00 sys=0.00, real=0.00 secs] 
1.528: [GC (CMS Final Remark) [YG occupancy: 3201 K (4608 K)]1.528: [Rescan (parallel) , 0.0014033 secs]1.529: [weak refs processing, 0.0000195 secs]1.529: [class unloading, 0.0016213 secs]1.531: [scrub symbol table, 0.0022071 secs]1.533: [scrub string table, 0.0003288 secs][1 CMS-remark: 5119K(5120K)] 8321K(9728K), 0.0057767 secs] [Times: user=0.01 sys=0.00, real=0.01 secs] 
1.534: [CMS-concurrent-sweep-start]
1.536: [CMS-concurrent-sweep: 0.002/0.002 secs] [Times: user=0.01 sys=0.00, real=0.00 secs] 
1.536: [CMS-concurrent-reset-start]
1.536: [CMS-concurrent-reset: 0.000/0.000 secs] [Times: user=0.00 sys=0.00, real=0.00 secs] 
1.540: [GC (Allocation Failure) 1.540: [ParNew: 4607K->4607K(4608K), 0.0000158 secs]1.540: [CMS: 5119K->5119K(5120K), 0.0205792 secs] 9727K->6255K(9728K), [Metaspace: 22466K->22466K(1069056K)], 0.0206825 secs] [Times: user=0.02 sys=0.00, real=0.03 secs] 
1.561: [GC (CMS Initial Mark) [1 CMS-initial-mark: 5119K(5120K)] 6255K(9728K), 0.0010558 secs] [Times: user=0.00 sys=0.00, real=0.00 secs] 
1.562: [CMS-concurrent-mark-start]
1.567: [CMS-concurrent-mark: 0.005/0.005 secs] [Times: user=0.01 sys=0.00, real=0.00 secs] 
1.567: [CMS-concurrent-preclean-start]
1.572: [CMS-concurrent-preclean: 0.005/0.005 secs] [Times: user=0.02 sys=0.01, real=0.01 secs] 
1.572: [CMS-concurrent-abortable-preclean-start]
1.572: [CMS-concurrent-abortable-preclean: 0.000/0.000 secs] [Times: user=0.00 sys=0.00, real=0.00 secs] 
1.572: [GC (CMS Final Remark) [YG occupancy: 3494 K (4608 K)]1.572: [Rescan (parallel) , 0.0014845 secs]1.574: [weak refs processing, 0.0000193 secs]1.574: [class unloading, 0.0016082 secs]1.575: [scrub symbol table, 0.0019709 secs]1.577: [scrub string table, 0.0003189 secs][1 CMS-remark: 5119K(5120K)] 8613K(9728K), 0.0055674 secs] [Times: user=0.01 sys=0.00, real=0.00 secs] 
1.578: [CMS-concurrent-sweep-start]
1.580: [CMS-concurrent-sweep: 0.002/0.002 secs] [Times: user=0.01 sys=0.00, real=0.00 secs] 
1.580: [CMS-concurrent-reset-start]
1.580: [CMS-concurrent-reset: 0.000/0.000 secs] [Times: user=0.00 sys=0.00, real=0.00 secs] 
1.583: [GC (Allocation Failure) 1.583: [ParNew: 4607K->4607K(4608K), 0.0000163 secs]1.583: [CMS: 5119K->5120K(5120K), 0.0210371 secs] 9727K->6248K(9728K), [Metaspace: 22471K->22471K(1069056K)], 0.0211437 secs] [Times: user=0.02 sys=0.00, real=0.02 secs] 
1.604: [GC (CMS Initial Mark) [1 CMS-initial-mark: 5120K(5120K)] 6318K(9728K), 0.0011024 secs] [Times: user=0.00 sys=0.00, real=0.00 secs] 
1.605: [CMS-concurrent-mark-start]
1.610: [CMS-concurrent-mark: 0.005/0.005 secs] [Times: user=0.02 sys=0.00, real=0.00 secs] 
1.610: [CMS-concurrent-preclean-start]
1.614: [CMS-concurrent-preclean: 0.005/0.005 secs] [Times: user=0.01 sys=0.00, real=0.01 secs] 
1.614: [CMS-concurrent-abortable-preclean-start]
1.614: [CMS-concurrent-abortable-preclean: 0.000/0.000 secs] [Times: user=0.00 sys=0.00, real=0.00 secs] 
1.615: [GC (CMS Final Remark) [YG occupancy: 3423 K (4608 K)]1.615: [Rescan (parallel) , 0.0013765 secs]1.616: [weak refs processing, 0.0000181 secs]1.616: [class unloading, 0.0015955 secs]1.618: [scrub symbol table, 0.0019095 secs]1.620: [scrub string table, 0.0003754 secs][1 CMS-remark: 5120K(5120K)] 8543K(9728K), 0.0054595 secs] [Times: user=0.01 sys=0.00, real=0.00 secs] 
1.620: [CMS-concurrent-sweep-start]
1.622: [CMS-concurrent-sweep: 0.002/0.002 secs] [Times: user=0.01 sys=0.00, real=0.01 secs] 
1.622: [CMS-concurrent-reset-start]
1.622: [CMS-concurrent-reset: 0.000/0.000 secs] [Times: user=0.00 sys=0.00, real=0.00 secs] 
1.629: [GC (Allocation Failure) 1.629: [ParNew: 4606K->4606K(4608K), 0.0000157 secs]1.629: [CMS: 5120K->5119K(5120K), 0.0212767 secs] 9726K->6243K(9728K), [Metaspace: 22516K->22516K(1069056K)], 0.0213795 secs] [Times: user=0.03 sys=0.00, real=0.02 secs] 
1.650: [GC (CMS Initial Mark) [1 CMS-initial-mark: 5119K(5120K)] 6316K(9728K), 0.0011316 secs] [Times: user=0.00 sys=0.00, real=0.01 secs] 
1.651: [CMS-concurrent-mark-start]
1.656: [CMS-concurrent-mark: 0.005/0.005 secs] [Times: user=0.01 sys=0.00, real=0.00 secs] 
1.656: [CMS-concurrent-preclean-start]
1.661: [CMS-concurrent-preclean: 0.005/0.005 secs] [Times: user=0.01 sys=0.00, real=0.01 secs] 
1.661: [CMS-concurrent-abortable-preclean-start]
1.661: [CMS-concurrent-abortable-preclean: 0.000/0.000 secs] [Times: user=0.00 sys=0.00, real=0.00 secs] 
1.661: [GC (CMS Final Remark) [YG occupancy: 2192 K (4608 K)]1.662: [Rescan (parallel) , 0.0014885 secs]1.663: [weak refs processing, 0.0000213 secs]1.663: [class unloading, 0.0016660 secs]1.665: [scrub symbol table, 0.0024771 secs]1.667: [scrub string table, 0.0003382 secs][1 CMS-remark: 5119K(5120K)] 7311K(9728K), 0.0061918 secs] [Times: user=0.01 sys=0.00, real=0.00 secs] 
1.668: [CMS-concurrent-sweep-start]
1.670: [CMS-concurrent-sweep: 0.002/0.002 secs] [Times: user=0.00 sys=0.00, real=0.00 secs] 
1.670: [CMS-concurrent-reset-start]
1.670: [CMS-concurrent-reset: 0.000/0.000 secs] [Times: user=0.00 sys=0.00, real=0.00 secs] 
1.684: [GC (Allocation Failure) 1.684: [ParNew: 4606K->4606K(4608K), 0.0000159 secs]1.684: [CMS: 5119K->5119K(5120K), 0.0221935 secs] 9725K->6443K(9728K), [Metaspace: 22771K->22771K(1069056K)], 0.0222985 secs] [Times: user=0.02 sys=0.00, real=0.02 secs] 
1.706: [GC (CMS Initial Mark) [1 CMS-initial-mark: 5119K(5120K)] 6518K(9728K), 0.0012226 secs] [Times: user=0.01 sys=0.00, real=0.00 secs] 
1.707: [CMS-concurrent-mark-start]
1.712: [CMS-concurrent-mark: 0.005/0.005 secs] [Times: user=0.01 sys=0.00, real=0.01 secs] 
1.712: [CMS-concurrent-preclean-start]
1.717: [CMS-concurrent-preclean: 0.005/0.005 secs] [Times: user=0.01 sys=0.01, real=0.00 secs] 
1.717: [CMS-concurrent-abortable-preclean-start]
1.717: [CMS-concurrent-abortable-preclean: 0.000/0.000 secs] [Times: user=0.00 sys=0.00, real=0.00 secs] 
1.717: [GC (CMS Final Remark) [YG occupancy: 2701 K (4608 K)]1.717: [Rescan (parallel) , 0.0016284 secs]1.719: [weak refs processing, 0.0000202 secs]1.719: [class unloading, 0.0016787 secs]1.721: [scrub symbol table, 0.0022220 secs]1.723: [scrub string table, 0.0003226 secs][1 CMS-remark: 5119K(5120K)] 7821K(9728K), 0.0060477 secs] [Times: user=0.02 sys=0.00, real=0.01 secs] 
1.723: [CMS-concurrent-sweep-start]
1.725: [CMS-concurrent-sweep: 0.002/0.002 secs] [Times: user=0.00 sys=0.00, real=0.00 secs] 
1.725: [CMS-concurrent-reset-start]
1.725: [CMS-concurrent-reset: 0.000/0.000 secs] [Times: user=0.00 sys=0.00, real=0.00 secs] 
1.735: [GC (Allocation Failure) 1.735: [ParNew: 4607K->4607K(4608K), 0.0000157 secs]1.735: [CMS: 5119K->5120K(5120K), 0.0222376 secs] 9727K->6529K(9728K), [Metaspace: 22912K->22912K(1069056K)], 0.0223368 secs] [Times: user=0.03 sys=0.00, real=0.02 secs] 
1.757: [GC (CMS Initial Mark) [1 CMS-initial-mark: 5120K(5120K)] 6529K(9728K), 0.0013354 secs] [Times: user=0.00 sys=0.00, real=0.00 secs] 
1.759: [CMS-concurrent-mark-start]
1.763: [CMS-concurrent-mark: 0.005/0.005 secs] [Times: user=0.01 sys=0.00, real=0.01 secs] 
1.763: [CMS-concurrent-preclean-start]
1.768: [CMS-concurrent-preclean: 0.005/0.005 secs] [Times: user=0.01 sys=0.00, real=0.00 secs] 
1.768: [CMS-concurrent-abortable-preclean-start]
1.768: [CMS-concurrent-abortable-preclean: 0.000/0.000 secs] [Times: user=0.00 sys=0.00, real=0.00 secs] 
1.768: [GC (CMS Final Remark) [YG occupancy: 2942 K (4608 K)]1.768: [Rescan (parallel) , 0.0015757 secs]1.770: [weak refs processing, 0.0000191 secs]1.770: [class unloading, 0.0017069 secs]1.772: [scrub symbol table, 0.0019802 secs]1.774: [scrub string table, 0.0003456 secs][1 CMS-remark: 5120K(5120K)] 8062K(9728K), 0.0058262 secs] [Times: user=0.02 sys=0.00, real=0.01 secs] 
1.774: [CMS-concurrent-sweep-start]
1.776: [CMS-concurrent-sweep: 0.002/0.002 secs] [Times: user=0.00 sys=0.00, real=0.00 secs] 
1.776: [CMS-concurrent-reset-start]
1.776: [CMS-concurrent-reset: 0.000/0.000 secs] [Times: user=0.00 sys=0.00, real=0.00 secs] 
1.781: [GC (Allocation Failure) 1.781: [ParNew: 4573K->4573K(4608K), 0.0000150 secs]1.781: [CMS: 5119K->5119K(5120K), 0.0221843 secs] 9693K->6776K(9728K), [Metaspace: 23138K->23138K(1071104K)], 0.0222868 secs] [Times: user=0.02 sys=0.00, real=0.02 secs] 
1.804: [GC (CMS Initial Mark) [1 CMS-initial-mark: 5119K(5120K)] 6813K(9728K), 0.0015445 secs] [Times: user=0.00 sys=0.00, real=0.00 secs] 
1.805: [CMS-concurrent-mark-start]
1.811: [CMS-concurrent-mark: 0.005/0.005 secs] [Times: user=0.03 sys=0.00, real=0.00 secs] 
1.811: [CMS-concurrent-preclean-start]
1.816: [CMS-concurrent-preclean: 0.005/0.005 secs] [Times: user=0.01 sys=0.00, real=0.01 secs] 
1.816: [CMS-concurrent-abortable-preclean-start]
1.816: [CMS-concurrent-abortable-preclean: 0.000/0.000 secs] [Times: user=0.00 sys=0.00, real=0.00 secs] 
1.816: [GC (CMS Final Remark) [YG occupancy: 4149 K (4608 K)]1.816: [Rescan (parallel) , 0.0018123 secs]1.818: [weak refs processing, 0.0000200 secs]1.818: [class unloading, 0.0019641 secs]1.820: [scrub symbol table, 0.0024088 secs]1.822: [scrub string table, 0.0003508 secs][1 CMS-remark: 5119K(5120K)] 9269K(9728K), 0.0067899 secs] [Times: user=0.01 sys=0.00, real=0.01 secs] 
1.823: [CMS-concurrent-sweep-start]
1.825: [CMS-concurrent-sweep: 0.002/0.002 secs] [Times: user=0.01 sys=0.00, real=0.00 secs] 
1.825: [CMS-concurrent-reset-start]
1.825: [CMS-concurrent-reset: 0.000/0.000 secs] [Times: user=0.00 sys=0.00, real=0.00 secs] 
1.826: [GC (Allocation Failure) 1.826: [ParNew: 4607K->4607K(4608K), 0.0000140 secs]1.826: [CMS: 5119K->5119K(5120K), 0.0231199 secs] 9727K->6576K(9728K), [Metaspace: 23396K->23396K(1071104K)], 0.0232378 secs] [Times: user=0.02 sys=0.00, real=0.02 secs] 
1.849: [GC (CMS Initial Mark) [1 CMS-initial-mark: 5119K(5120K)] 6589K(9728K), 0.0013302 secs] [Times: user=0.01 sys=0.00, real=0.00 secs] 
1.851: [CMS-concurrent-mark-start]
1.857: [CMS-concurrent-mark: 0.005/0.006 secs] [Times: user=0.01 sys=0.01, real=0.01 secs] 
1.857: [CMS-concurrent-preclean-start]
1.862: [CMS-concurrent-preclean: 0.005/0.005 secs] [Times: user=0.02 sys=0.00, real=0.01 secs] 
1.862: [CMS-concurrent-abortable-preclean-start]
1.862: [CMS-concurrent-abortable-preclean: 0.000/0.000 secs] [Times: user=0.00 sys=0.00, real=0.00 secs] 
1.862: [GC (CMS Final Remark) [YG occupancy: 3345 K (4608 K)]1.862: [Rescan (parallel) , 0.0016278 secs]1.864: [weak refs processing, 0.0000195 secs]1.864: [class unloading, 0.0017283 secs]1.865: [scrub symbol table, 0.0022261 secs]1.868: [scrub string table, 0.0003277 secs][1 CMS-remark: 5119K(5120K)] 8465K(9728K), 0.0061040 secs] [Times: user=0.01 sys=0.00, real=0.00 secs] 
1.868: [CMS-concurrent-sweep-start]
1.870: [CMS-concurrent-sweep: 0.002/0.002 secs] [Times: user=0.01 sys=0.00, real=0.00 secs] 
1.870: [CMS-concurrent-reset-start]
1.870: [CMS-concurrent-reset: 0.000/0.000 secs] [Times: user=0.00 sys=0.00, real=0.00 secs] 
1.876: [GC (Allocation Failure) 1.876: [ParNew: 4607K->4607K(4608K), 0.0000145 secs]1.876: [CMS: 5119K->5119K(5120K), 0.0226034 secs] 9727K->6623K(9728K), [Metaspace: 23426K->23426K(1071104K)], 0.0227031 secs] [Times: user=0.02 sys=0.00, real=0.02 secs] 
1.899: [GC (CMS Initial Mark) [1 CMS-initial-mark: 5119K(5120K)] 6684K(9728K), 0.0015776 secs] [Times: user=0.01 sys=0.00, real=0.01 secs] 
1.901: [CMS-concurrent-mark-start]
1.905: [CMS-concurrent-mark: 0.004/0.004 secs] [Times: user=0.01 sys=0.00, real=0.00 secs] 
1.905: [CMS-concurrent-preclean-start]
1.910: [CMS-concurrent-preclean: 0.005/0.005 secs] [Times: user=0.01 sys=0.00, real=0.00 secs] 
1.910: [CMS-concurrent-abortable-preclean-start]
1.910: [CMS-concurrent-abortable-preclean: 0.000/0.000 secs] [Times: user=0.00 sys=0.00, real=0.00 secs] 
1.910: [GC (CMS Final Remark) [YG occupancy: 3148 K (4608 K)]1.910: [Rescan (parallel) , 0.0018355 secs]1.912: [weak refs processing, 0.0000180 secs]1.912: [class unloading, 0.0016955 secs]1.914: [scrub symbol table, 0.0022744 secs]1.916: [scrub string table, 0.0003157 secs][1 CMS-remark: 5119K(5120K)] 8268K(9728K), 0.0062928 secs] [Times: user=0.02 sys=0.00, real=0.01 secs] 
1.917: [CMS-concurrent-sweep-start]
1.918: [CMS-concurrent-sweep: 0.002/0.002 secs] [Times: user=0.00 sys=0.00, real=0.00 secs] 
1.919: [CMS-concurrent-reset-start]
1.919: [CMS-concurrent-reset: 0.000/0.000 secs] [Times: user=0.00 sys=0.00, real=0.00 secs] 
1.926: [GC (Allocation Failure) 1.926: [ParNew: 4607K->4607K(4608K), 0.0000150 secs]1.926: [CMS: 5119K->5119K(5120K), 0.0216065 secs] 9727K->6762K(9728K), [Metaspace: 23507K->23507K(1071104K)], 0.0217041 secs] [Times: user=0.02 sys=0.00, real=0.02 secs] 
1.948: [GC (CMS Initial Mark) [1 CMS-initial-mark: 5119K(5120K)] 6824K(9728K), 0.0014662 secs] [Times: user=0.00 sys=0.00, real=0.00 secs] 
1.949: [CMS-concurrent-mark-start]
1.953: [CMS-concurrent-mark: 0.004/0.004 secs] [Times: user=0.01 sys=0.00, real=0.01 secs] 
1.953: [CMS-concurrent-preclean-start]
1.958: [CMS-concurrent-preclean: 0.005/0.005 secs] [Times: user=0.01 sys=0.00, real=0.00 secs] 
1.958: [CMS-concurrent-abortable-preclean-start]
1.958: [CMS-concurrent-abortable-preclean: 0.000/0.000 secs] [Times: user=0.00 sys=0.00, real=0.00 secs] 
1.958: [GC (CMS Final Remark) [YG occupancy: 3192 K (4608 K)]1.958: [Rescan (parallel) , 0.0019719 secs]1.960: [weak refs processing, 0.0000179 secs]1.960: [class unloading, 0.0017137 secs]1.962: [scrub symbol table, 0.0027393 secs]1.965: [scrub string table, 0.0003162 secs][1 CMS-remark: 5119K(5120K)] 8312K(9728K), 0.0069602 secs] [Times: user=0.01 sys=0.00, real=0.01 secs] 
1.965: [CMS-concurrent-sweep-start]
1.967: [CMS-concurrent-sweep: 0.002/0.002 secs] [Times: user=0.01 sys=0.00, real=0.00 secs] 
1.967: [CMS-concurrent-reset-start]
1.967: [CMS-concurrent-reset: 0.000/0.000 secs] [Times: user=0.00 sys=0.00, real=0.00 secs] 
1.973: [GC (Allocation Failure) 1.973: [ParNew: 4607K->4607K(4608K), 0.0000155 secs]1.973: [CMS: 5119K->5119K(5120K), 0.0233146 secs] 9727K->6917K(9728K), [Metaspace: 23659K->23659K(1071104K)], 0.0234125 secs] [Times: user=0.03 sys=0.00, real=0.02 secs] 
1.996: [GC (CMS Initial Mark) [1 CMS-initial-mark: 5119K(5120K)] 6979K(9728K), 0.0015766 secs] [Times: user=0.00 sys=0.00, real=0.00 secs] 
1.998: [CMS-concurrent-mark-start]
2.002: [CMS-concurrent-mark: 0.004/0.004 secs] [Times: user=0.01 sys=0.00, real=0.01 secs] 
2.002: [CMS-concurrent-preclean-start]
2.007: [CMS-concurrent-preclean: 0.005/0.005 secs] [Times: user=0.01 sys=0.00, real=0.00 secs] 
2.007: [CMS-concurrent-abortable-preclean-start]
2.007: [CMS-concurrent-abortable-preclean: 0.000/0.000 secs] [Times: user=0.00 sys=0.00, real=0.00 secs] 
2.007: [GC (CMS Final Remark) [YG occupancy: 3797 K (4608 K)]2.007: [Rescan (parallel) , 0.0019603 secs]2.009: [weak refs processing, 0.0000182 secs]2.009: [class unloading, 0.0018000 secs]2.011: [scrub symbol table, 0.0022811 secs]2.013: [scrub string table, 0.0003163 secs][1 CMS-remark: 5119K(5120K)] 8917K(9728K), 0.0065580 secs] [Times: user=0.02 sys=0.01, real=0.01 secs] 
2.014: [CMS-concurrent-sweep-start]
2.016: [CMS-concurrent-sweep: 0.002/0.002 secs] [Times: user=0.00 sys=0.00, real=0.00 secs] 
2.016: [CMS-concurrent-reset-start]
2.016: [CMS-concurrent-reset: 0.000/0.000 secs] [Times: user=0.00 sys=0.00, real=0.00 secs] 
2.017: [GC (Allocation Failure) 2.017: [ParNew: 4607K->4607K(4608K), 0.0000123 secs]2.017: [CMS: 5119K->5119K(5120K), 0.0237448 secs] 9727K->6674K(9728K), [Metaspace: 23849K->23849K(1071104K)], 0.0238557 secs] [Times: user=0.02 sys=0.00, real=0.03 secs] 
2.041: [GC (CMS Initial Mark) [1 CMS-initial-mark: 5119K(5120K)] 6735K(9728K), 0.0013808 secs] [Times: user=0.00 sys=0.00, real=0.00 secs] 
2.043: [CMS-concurrent-mark-start]
2.048: [CMS-concurrent-mark: 0.004/0.005 secs] [Times: user=0.01 sys=0.00, real=0.00 secs] 
2.048: [CMS-concurrent-preclean-start]
2.053: [CMS-concurrent-preclean: 0.005/0.005 secs] [Times: user=0.01 sys=0.00, real=0.01 secs] 
2.053: [CMS-concurrent-abortable-preclean-start]
2.053: [CMS-concurrent-abortable-preclean: 0.000/0.000 secs] [Times: user=0.00 sys=0.00, real=0.00 secs] 
2.053: [GC (CMS Final Remark) [YG occupancy: 3527 K (4608 K)]2.053: [Rescan (parallel) , 0.0018643 secs]2.055: [weak refs processing, 0.0000331 secs]2.055: [class unloading, 0.0017410 secs]2.056: [scrub symbol table, 0.0022087 secs]2.059: [scrub string table, 0.0003880 secs][1 CMS-remark: 5119K(5120K)] 8647K(9728K), 0.0064091 secs] [Times: user=0.02 sys=0.00, real=0.00 secs] 
2.059: [CMS-concurrent-sweep-start]
2.061: [CMS-concurrent-sweep: 0.002/0.002 secs] [Times: user=0.01 sys=0.00, real=0.01 secs] 
2.061: [CMS-concurrent-reset-start]
2.061: [CMS-concurrent-reset: 0.000/0.000 secs] [Times: user=0.00 sys=0.00, real=0.00 secs] 
2.068: [GC (Allocation Failure) 2.068: [ParNew: 4607K->4607K(4608K), 0.0000156 secs]2.068: [CMS: 5119K->5120K(5120K), 0.0208386 secs] 9727K->6820K(9728K), [Metaspace: 24094K->24094K(1071104K)], 0.0209357 secs] [Times: user=0.03 sys=0.00, real=0.02 secs] 
2.089: [GC (CMS Initial Mark) [1 CMS-initial-mark: 5120K(5120K)] 6882K(9728K), 0.0013867 secs] [Times: user=0.00 sys=0.00, real=0.00 secs] 
2.090: [CMS-concurrent-mark-start]
2.094: [CMS-concurrent-mark: 0.004/0.004 secs] [Times: user=0.01 sys=0.00, real=0.01 secs] 
2.094: [CMS-concurrent-preclean-start]
2.099: [CMS-concurrent-preclean: 0.005/0.005 secs] [Times: user=0.01 sys=0.00, real=0.00 secs] 
2.099: [CMS-concurrent-abortable-preclean-start]
2.099: [CMS-concurrent-abortable-preclean: 0.000/0.000 secs] [Times: user=0.00 sys=0.00, real=0.00 secs] 
2.099: [GC (CMS Final Remark) [YG occupancy: 3168 K (4608 K)]2.099: [Rescan (parallel) , 0.0019467 secs]2.101: [weak refs processing, 0.0000185 secs]2.101: [class unloading, 0.0017853 secs]2.103: [scrub symbol table, 0.0021729 secs]2.105: [scrub string table, 0.0003681 secs][1 CMS-remark: 5120K(5120K)] 8288K(9728K), 0.0064659 secs] [Times: user=0.02 sys=0.00, real=0.01 secs] 
2.105: [CMS-concurrent-sweep-start]
2.108: [CMS-concurrent-sweep: 0.003/0.003 secs] [Times: user=0.01 sys=0.00, real=0.00 secs] 
2.108: [CMS-concurrent-reset-start]
2.108: [CMS-concurrent-reset: 0.000/0.000 secs] [Times: user=0.00 sys=0.00, real=0.00 secs] 
2.119: [GC (Allocation Failure) 2.119: [ParNew: 4607K->4607K(4608K), 0.0000150 secs]2.119: [CMS: 5119K->5119K(5120K), 0.0220226 secs] 9727K->6745K(9728K), [Metaspace: 24268K->24268K(1071104K)], 0.0221243 secs] [Times: user=0.03 sys=0.00, real=0.03 secs] 
2.142: [GC (CMS Initial Mark) [1 CMS-initial-mark: 5119K(5120K)] 6806K(9728K), 0.0014835 secs] [Times: user=0.00 sys=0.00, real=0.00 secs] 
2.143: [CMS-concurrent-mark-start]
2.147: [CMS-concurrent-mark: 0.004/0.004 secs] [Times: user=0.01 sys=0.00, real=0.00 secs] 
2.147: [CMS-concurrent-preclean-start]
2.152: [CMS-concurrent-preclean: 0.005/0.005 secs] [Times: user=0.02 sys=0.00, real=0.01 secs] 
2.152: [CMS-concurrent-abortable-preclean-start]
2.152: [CMS-concurrent-abortable-preclean: 0.000/0.000 secs] [Times: user=0.00 sys=0.00, real=0.00 secs] 
2.152: [GC (CMS Final Remark) [YG occupancy: 2735 K (4608 K)]2.152: [Rescan (parallel) , 0.0019059 secs]2.154: [weak refs processing, 0.0000276 secs]2.154: [class unloading, 0.0019649 secs]2.156: [scrub symbol table, 0.0021312 secs]2.158: [scrub string table, 0.0003199 secs][1 CMS-remark: 5119K(5120K)] 7855K(9728K), 0.0065567 secs] [Times: user=0.02 sys=0.00, real=0.00 secs] 
2.159: [CMS-concurrent-sweep-start]
2.161: [CMS-concurrent-sweep: 0.002/0.002 secs] [Times: user=0.00 sys=0.00, real=0.00 secs] 
2.161: [CMS-concurrent-reset-start]
2.161: [CMS-concurrent-reset: 0.000/0.000 secs] [Times: user=0.00 sys=0.00, real=0.00 secs] 
2.170: [GC (Allocation Failure) 2.170: [ParNew: 4607K->4607K(4608K), 0.0000145 secs]2.170: [CMS: 5119K->5120K(5120K), 0.0227866 secs] 9727K->6861K(9728K), [Metaspace: 24367K->24367K(1071104K)], 0.0228914 secs] [Times: user=0.02 sys=0.00, real=0.03 secs] 
2.193: [GC (CMS Initial Mark) [1 CMS-initial-mark: 5120K(5120K)] 6922K(9728K), 0.0016512 secs] [Times: user=0.00 sys=0.01, real=0.00 secs] 
2.195: [CMS-concurrent-mark-start]
2.199: [CMS-concurrent-mark: 0.004/0.004 secs] [Times: user=0.02 sys=0.00, real=0.00 secs] 
2.199: [CMS-concurrent-preclean-start]
2.203: [CMS-concurrent-preclean: 0.005/0.005 secs] [Times: user=0.01 sys=0.00, real=0.01 secs] 
2.204: [CMS-concurrent-abortable-preclean-start]
2.204: [CMS-concurrent-abortable-preclean: 0.000/0.000 secs] [Times: user=0.00 sys=0.00, real=0.00 secs] 
2.204: [GC (CMS Final Remark) [YG occupancy: 3202 K (4608 K)]2.204: [Rescan (parallel) , 0.0020915 secs]2.206: [weak refs processing, 0.0000236 secs]2.206: [class unloading, 0.0018459 secs]2.208: [scrub symbol table, 0.0023222 secs]2.210: [scrub string table, 0.0004155 secs][1 CMS-remark: 5120K(5120K)] 8322K(9728K), 0.0069177 secs] [Times: user=0.02 sys=0.00, real=0.00 secs] 
2.211: [CMS-concurrent-sweep-start]
2.213: [CMS-concurrent-sweep: 0.002/0.002 secs] [Times: user=0.01 sys=0.00, real=0.01 secs] 
2.213: [CMS-concurrent-reset-start]
2.213: [CMS-concurrent-reset: 0.000/0.000 secs] [Times: user=0.00 sys=0.00, real=0.00 secs] 
2.220: [GC (Allocation Failure) 2.220: [ParNew: 4607K->4607K(4608K), 0.0000147 secs]2.220: [CMS: 5120K->5120K(5120K), 0.0214235 secs] 9727K->7002K(9728K), [Metaspace: 24519K->24519K(1071104K)], 0.0215289 secs] [Times: user=0.02 sys=0.00, real=0.03 secs] 
2.242: [GC (CMS Initial Mark) [1 CMS-initial-mark: 5120K(5120K)] 7063K(9728K), 0.0017933 secs] [Times: user=0.00 sys=0.00, real=0.00 secs] 
2.244: [CMS-concurrent-mark-start]
2.248: [CMS-concurrent-mark: 0.004/0.004 secs] [Times: user=0.02 sys=0.00, real=0.00 secs] 
2.248: [CMS-concurrent-preclean-start]
2.253: [CMS-concurrent-preclean: 0.005/0.005 secs] [Times: user=0.01 sys=0.00, real=0.01 secs] 
2.253: [CMS-concurrent-abortable-preclean-start]
2.253: [CMS-concurrent-abortable-preclean: 0.000/0.000 secs] [Times: user=0.00 sys=0.00, real=0.00 secs] 
2.253: [GC (CMS Final Remark) [YG occupancy: 3483 K (4608 K)]2.253: [Rescan (parallel) , 0.0021922 secs]2.255: [weak refs processing, 0.0000617 secs]2.255: [class unloading, 0.0019813 secs]2.257: [scrub symbol table, 0.0023793 secs]2.260: [scrub string table, 0.0003854 secs][1 CMS-remark: 5120K(5120K)] 8603K(9728K), 0.0072497 secs] [Times: user=0.02 sys=0.00, real=0.00 secs] 
2.260: [CMS-concurrent-sweep-start]
2.262: [CMS-concurrent-sweep: 0.002/0.002 secs] [Times: user=0.00 sys=0.00, real=0.01 secs] 
2.262: [CMS-concurrent-reset-start]
2.262: [CMS-concurrent-reset: 0.000/0.000 secs] [Times: user=0.00 sys=0.00, real=0.00 secs] 
2.271: [GC (Allocation Failure) 2.271: [ParNew: 4601K->4601K(4608K), 0.0000156 secs]2.271: [CMS: 5120K->5119K(5120K), 0.0236434 secs] 9721K->7305K(9728K), [Metaspace: 24689K->24689K(1071104K)], 0.0237437 secs] [Times: user=0.02 sys=0.00, real=0.02 secs] 
2.295: [GC (CMS Initial Mark) [1 CMS-initial-mark: 5119K(5120K)] 7312K(9728K), 0.0018546 secs] [Times: user=0.00 sys=0.00, real=0.00 secs] 
2.297: [CMS-concurrent-mark-start]
2.301: [CMS-concurrent-mark: 0.004/0.004 secs] [Times: user=0.02 sys=0.00, real=0.01 secs] 
2.301: [CMS-concurrent-preclean-start]
2.306: [CMS-concurrent-preclean: 0.005/0.005 secs] [Times: user=0.01 sys=0.00, real=0.00 secs] 
2.306: [CMS-concurrent-abortable-preclean-start]
2.306: [CMS-concurrent-abortable-preclean: 0.000/0.000 secs] [Times: user=0.00 sys=0.00, real=0.00 secs] 
2.306: [GC (CMS Final Remark) [YG occupancy: 3729 K (4608 K)]2.306: [Rescan (parallel) , 0.0025656 secs]2.309: [weak refs processing, 0.0000190 secs]2.309: [class unloading, 0.0018772 secs]2.311: [scrub symbol table, 0.0023291 secs]2.313: [scrub string table, 0.0004021 secs][1 CMS-remark: 5119K(5120K)] 8849K(9728K), 0.0073888 secs] [Times: user=0.02 sys=0.00, real=0.01 secs] 
2.314: [CMS-concurrent-sweep-start]
2.316: [CMS-concurrent-sweep: 0.002/0.002 secs] [Times: user=0.00 sys=0.00, real=0.00 secs] 
2.316: [CMS-concurrent-reset-start]
2.316: [CMS-concurrent-reset: 0.000/0.000 secs] [Times: user=0.00 sys=0.00, real=0.00 secs] 
2.321: [GC (Allocation Failure) 2.321: [ParNew: 4607K->4607K(4608K), 0.0000146 secs]2.321: [CMS: 5119K->5120K(5120K), 0.0237148 secs] 9727K->7426K(9728K), [Metaspace: 24856K->24856K(1071104K)], 0.0238150 secs] [Times: user=0.03 sys=0.00, real=0.02 secs] 
2.345: [GC (CMS Initial Mark) [1 CMS-initial-mark: 5120K(5120K)] 7482K(9728K), 0.0020471 secs] [Times: user=0.00 sys=0.00, real=0.00 secs] 
2.347: [CMS-concurrent-mark-start]
2.351: [CMS-concurrent-mark: 0.004/0.004 secs] [Times: user=0.01 sys=0.00, real=0.01 secs] 
2.351: [CMS-concurrent-preclean-start]
2.357: [CMS-concurrent-preclean: 0.006/0.006 secs] [Times: user=0.02 sys=0.01, real=0.00 secs] 
2.357: [CMS-concurrent-abortable-preclean-start]
2.357: [CMS-concurrent-abortable-preclean: 0.000/0.000 secs] [Times: user=0.00 sys=0.00, real=0.00 secs] 
2.357: [GC (CMS Final Remark) [YG occupancy: 3582 K (4608 K)]2.357: [Rescan (parallel) , 0.0026402 secs]2.360: [weak refs processing, 0.0000215 secs]2.360: [class unloading, 0.0019873 secs]2.362: [scrub symbol table, 0.0024283 secs]2.364: [scrub string table, 0.0003350 secs][1 CMS-remark: 5120K(5120K)] 8702K(9728K), 0.0076596 secs] [Times: user=0.02 sys=0.00, real=0.01 secs] 
2.365: [CMS-concurrent-sweep-start]
2.367: [CMS-concurrent-sweep: 0.002/0.002 secs] [Times: user=0.01 sys=0.00, real=0.00 secs] 
2.367: [CMS-concurrent-reset-start]
2.367: [CMS-concurrent-reset: 0.000/0.000 secs] [Times: user=0.00 sys=0.00, real=0.00 secs] 
2.370: [GC (Allocation Failure) 2.370: [ParNew: 4607K->4607K(4608K), 0.0000153 secs]2.370: [CMS: 5103K->5119K(5120K), 0.0251744 secs] 9711K->7558K(9728K), [Metaspace: 25031K->25031K(1071104K)], 0.0252744 secs] [Times: user=0.02 sys=0.00, real=0.03 secs] 
2.396: [GC (CMS Initial Mark) [1 CMS-initial-mark: 5119K(5120K)] 7616K(9728K), 0.0022038 secs] [Times: user=0.00 sys=0.00, real=0.00 secs] 
2.398: [CMS-concurrent-mark-start]
2.403: [CMS-concurrent-mark: 0.004/0.004 secs] [Times: user=0.02 sys=0.00, real=0.01 secs] 
2.403: [CMS-concurrent-preclean-start]
2.407: [Full GC (Allocation Failure) 2.407: [CMS2.408: [CMS-concurrent-preclean: 0.005/0.005 secs] [Times: user=0.01 sys=0.00, real=0.00 secs] 
 (concurrent mode failure): 5119K->5119K(5120K), 0.0250982 secs] 9727K->7764K(9728K), [Metaspace: 25132K->25132K(1071104K)], 0.0251794 secs] [Times: user=0.03 sys=0.00, real=0.03 secs] 
2.446: [Full GC (Allocation Failure) 2.446: [CMS: 5119K->5120K(5120K), 0.0252970 secs] 9727K->7927K(9728K), [Metaspace: 25444K->25444K(1073152K)], 0.0253855 secs] [Times: user=0.02 sys=0.00, real=0.03 secs] 
2.472: [GC (CMS Initial Mark) [1 CMS-initial-mark: 5120K(5120K)] 7972K(9728K), 0.0024126 secs] [Times: user=0.01 sys=0.00, real=0.00 secs] 
2.474: [CMS-concurrent-mark-start]
2.478: [CMS-concurrent-mark: 0.004/0.004 secs] [Times: user=0.01 sys=0.00, real=0.00 secs] 
2.478: [CMS-concurrent-preclean-start]
2.483: [CMS-concurrent-preclean: 0.005/0.005 secs] [Times: user=0.01 sys=0.00, real=0.01 secs] 
2.483: [CMS-concurrent-abortable-preclean-start]
2.483: [CMS-concurrent-abortable-preclean: 0.000/0.000 secs] [Times: user=0.00 sys=0.00, real=0.00 secs] 
2.483: [GC (CMS Final Remark) [YG occupancy: 4161 K (4608 K)]2.483: [Rescan (parallel) , 0.0030890 secs]2.486: [weak refs processing, 0.0000200 secs]2.486: [class unloading, 0.0020813 secs]2.488: [scrub symbol table, 0.0027729 secs]2.491: [scrub string table, 0.0004008 secs][1 CMS-remark: 5120K(5120K)] 9281K(9728K), 0.0085956 secs] [Times: user=0.03 sys=0.00, real=0.01 secs] 
2.492: [CMS-concurrent-sweep-start]
2.494: [CMS-concurrent-sweep: 0.002/0.002 secs] [Times: user=0.00 sys=0.00, real=0.00 secs] 
2.494: [CMS-concurrent-reset-start]
2.494: [CMS-concurrent-reset: 0.000/0.000 secs] [Times: user=0.00 sys=0.00, real=0.00 secs] 
2.496: [GC (Allocation Failure) 2.496: [ParNew: 4607K->4607K(4608K), 0.0000147 secs]2.496: [CMS: 5119K->5119K(5120K), 0.0257714 secs] 9727K->7378K(9728K), [Metaspace: 25555K->25555K(1073152K)], 0.0258956 secs] [Times: user=0.03 sys=0.00, real=0.03 secs] 
2.522: [GC (CMS Initial Mark) [1 CMS-initial-mark: 5119K(5120K)] 7382K(9728K), 0.0020622 secs] [Times: user=0.00 sys=0.00, real=0.00 secs] 
2.524: [CMS-concurrent-mark-start]
2.529: [CMS-concurrent-mark: 0.004/0.004 secs] [Times: user=0.02 sys=0.00, real=0.00 secs] 
2.529: [CMS-concurrent-preclean-start]
2.533: [CMS-concurrent-preclean: 0.005/0.005 secs] [Times: user=0.01 sys=0.00, real=0.01 secs] 
2.533: [CMS-concurrent-abortable-preclean-start]
2.533: [CMS-concurrent-abortable-preclean: 0.000/0.000 secs] [Times: user=0.00 sys=0.00, real=0.00 secs] 
2.534: [GC (CMS Final Remark) [YG occupancy: 3301 K (4608 K)]2.534: [Rescan (parallel) , 0.0024698 secs]2.536: [weak refs processing, 0.0000180 secs]2.536: [class unloading, 0.0019223 secs]2.538: [scrub symbol table, 0.0023010 secs]2.540: [scrub string table, 0.0003470 secs][1 CMS-remark: 5119K(5120K)] 8421K(9728K), 0.0072640 secs] [Times: user=0.02 sys=0.00, real=0.01 secs] 
2.541: [CMS-concurrent-sweep-start]
2.543: [CMS-concurrent-sweep: 0.002/0.002 secs] [Times: user=0.01 sys=0.00, real=0.00 secs] 
2.543: [CMS-concurrent-reset-start]
2.543: [CMS-concurrent-reset: 0.000/0.000 secs] [Times: user=0.00 sys=0.00, real=0.00 secs] 
2.554: [GC (Allocation Failure) 2.554: [ParNew: 4607K->4607K(4608K), 0.0000165 secs]2.554: [CMS: 5119K->5119K(5120K), 0.0248114 secs] 9727K->7470K(9728K), [Metaspace: 25601K->25601K(1073152K)], 0.0249313 secs] [Times: user=0.03 sys=0.00, real=0.02 secs] 
2.579: [GC (CMS Initial Mark) [1 CMS-initial-mark: 5119K(5120K)] 7515K(9728K), 0.0023297 secs] [Times: user=0.00 sys=0.00, real=0.01 secs] 
2.582: [CMS-concurrent-mark-start]
2.586: [CMS-concurrent-mark: 0.004/0.004 secs] [Times: user=0.01 sys=0.00, real=0.00 secs] 
2.586: [CMS-concurrent-preclean-start]
2.590: [CMS-concurrent-preclean: 0.005/0.005 secs] [Times: user=0.01 sys=0.00, real=0.00 secs] 
2.590: [CMS-concurrent-abortable-preclean-start]
2.590: [CMS-concurrent-abortable-preclean: 0.000/0.000 secs] [Times: user=0.00 sys=0.00, real=0.00 secs] 
2.591: [GC (CMS Final Remark) [YG occupancy: 4407 K (4608 K)]2.591: [Rescan (parallel) , 0.0024396 secs]2.593: [weak refs processing, 0.0000210 secs]2.593: [class unloading, 0.0021531 secs]2.595: [scrub symbol table, 0.0022913 secs]2.598: [scrub string table, 0.0003598 secs][1 CMS-remark: 5119K(5120K)] 9527K(9728K), 0.0074747 secs] [Times: user=0.03 sys=0.00, real=0.01 secs] 
2.598: [CMS-concurrent-sweep-start]
2.600: [CMS-concurrent-sweep: 0.002/0.002 secs] [Times: user=0.00 sys=0.00, real=0.00 secs] 
2.600: [CMS-concurrent-reset-start]
2.600: [CMS-concurrent-reset: 0.000/0.000 secs] [Times: user=0.00 sys=0.00, real=0.00 secs] 
2.600: [GC (Allocation Failure) 2.600: [ParNew: 4607K->4607K(4608K), 0.0000123 secs]2.600: [CMS: 5119K->5120K(5120K), 0.0241309 secs] 9727K->7377K(9728K), [Metaspace: 25676K->25676K(1073152K)], 0.0242153 secs] [Times: user=0.03 sys=0.00, real=0.03 secs] 
2.625: [GC (CMS Initial Mark) [1 CMS-initial-mark: 5120K(5120K)] 7422K(9728K), 0.0021535 secs] [Times: user=0.00 sys=0.00, real=0.00 secs] 
2.627: [CMS-concurrent-mark-start]
2.631: [CMS-concurrent-mark: 0.004/0.004 secs] [Times: user=0.01 sys=0.00, real=0.01 secs] 
2.632: [CMS-concurrent-preclean-start]
2.636: [CMS-concurrent-preclean: 0.005/0.005 secs] [Times: user=0.02 sys=0.00, real=0.00 secs] 
2.636: [CMS-concurrent-abortable-preclean-start]
2.636: [CMS-concurrent-abortable-preclean: 0.000/0.000 secs] [Times: user=0.00 sys=0.00, real=0.00 secs] 
2.636: [GC (CMS Final Remark) [YG occupancy: 3281 K (4608 K)]2.636: [Rescan (parallel) , 0.0025999 secs]2.639: [weak refs processing, 0.0000240 secs]2.639: [class unloading, 0.0019500 secs]2.641: [scrub symbol table, 0.0023618 secs]2.643: [scrub string table, 0.0003571 secs][1 CMS-remark: 5120K(5120K)] 8401K(9728K), 0.0075341 secs] [Times: user=0.02 sys=0.00, real=0.01 secs] 
2.644: [CMS-concurrent-sweep-start]
2.646: [CMS-concurrent-sweep: 0.002/0.002 secs] [Times: user=0.01 sys=0.00, real=0.00 secs] 
2.646: [CMS-concurrent-reset-start]
2.646: [CMS-concurrent-reset: 0.000/0.000 secs] [Times: user=0.00 sys=0.00, real=0.00 secs] 
2.658: [GC (Allocation Failure) 2.658: [ParNew: 4608K->4608K(4608K), 0.0000156 secs]2.658: [CMS: 5119K->5120K(5120K), 0.0253787 secs] 9727K->7550K(9728K), [Metaspace: 25847K->25847K(1073152K)], 0.0254776 secs] [Times: user=0.03 sys=0.00, real=0.03 secs] 
2.683: [GC (CMS Initial Mark) [1 CMS-initial-mark: 5120K(5120K)] 7596K(9728K), 0.0022397 secs] [Times: user=0.00 sys=0.00, real=0.00 secs] 
2.686: [CMS-concurrent-mark-start]
2.690: [CMS-concurrent-mark: 0.004/0.004 secs] [Times: user=0.01 sys=0.00, real=0.00 secs] 
2.690: [CMS-concurrent-preclean-start]
2.694: [CMS-concurrent-preclean: 0.005/0.005 secs] [Times: user=0.01 sys=0.00, real=0.01 secs] 
2.694: [CMS-concurrent-abortable-preclean-start]
2.694: [CMS-concurrent-abortable-preclean: 0.000/0.000 secs] [Times: user=0.00 sys=0.00, real=0.00 secs] 
2.695: [GC (CMS Final Remark) [YG occupancy: 3624 K (4608 K)]2.695: [Rescan (parallel) , 0.0028062 secs]2.697: [weak refs processing, 0.0000221 secs]2.697: [class unloading, 0.0020091 secs]2.699: [scrub symbol table, 0.0024749 secs]2.702: [scrub string table, 0.0003546 secs][1 CMS-remark: 5120K(5120K)] 8744K(9728K), 0.0079198 secs] [Times: user=0.02 sys=0.00, real=0.01 secs] 
2.703: [CMS-concurrent-sweep-start]
2.705: [CMS-concurrent-sweep: 0.002/0.002 secs] [Times: user=0.01 sys=0.00, real=0.00 secs] 
2.705: [CMS-concurrent-reset-start]
2.705: [CMS-concurrent-reset: 0.000/0.000 secs] [Times: user=0.00 sys=0.00, real=0.00 secs] 
2.707: [GC (Allocation Failure) 2.707: [ParNew: 4606K->4606K(4608K), 0.0000141 secs]2.707: [CMS: 5120K->5119K(5120K), 0.0245197 secs] 9726K->7525K(9728K), [Metaspace: 25939K->25939K(1073152K)], 0.0246087 secs] [Times: user=0.02 sys=0.00, real=0.03 secs] 
2.732: [GC (CMS Initial Mark) [1 CMS-initial-mark: 5119K(5120K)] 7665K(9728K), 0.0021566 secs] [Times: user=0.01 sys=0.00, real=0.00 secs] 
2.734: [CMS-concurrent-mark-start]
2.738: [CMS-concurrent-mark: 0.004/0.004 secs] [Times: user=0.01 sys=0.00, real=0.00 secs] 
2.738: [CMS-concurrent-preclean-start]
2.743: [CMS-concurrent-preclean: 0.005/0.005 secs] [Times: user=0.01 sys=0.00, real=0.01 secs] 
2.743: [CMS-concurrent-abortable-preclean-start]
2.743: [CMS-concurrent-abortable-preclean: 0.000/0.000 secs] [Times: user=0.00 sys=0.00, real=0.00 secs] 
2.743: [GC (CMS Final Remark) [YG occupancy: 4381 K (4608 K)]2.743: [Rescan (parallel) , 0.0026756 secs]2.746: [weak refs processing, 0.0000204 secs]2.746: [class unloading, 0.0019799 secs]2.748: [scrub symbol table, 0.0026209 secs]2.750: [scrub string table, 0.0003655 secs][1 CMS-remark: 5119K(5120K)] 9501K(9728K), 0.0078995 secs] [Times: user=0.03 sys=0.00, real=0.01 secs] 
2.751: [CMS-concurrent-sweep-start]
2.753: [CMS-concurrent-sweep: 0.002/0.002 secs] [Times: user=0.00 sys=0.00, real=0.00 secs] 
2.753: [CMS-concurrent-reset-start]
2.753: [CMS-concurrent-reset: 0.000/0.000 secs] [Times: user=0.00 sys=0.00, real=0.00 secs] 
2.754: [GC (Allocation Failure) 2.754: [ParNew: 4607K->4607K(4608K), 0.0000138 secs]2.754: [CMS: 5119K->5119K(5120K), 0.0260999 secs] 9727K->7587K(9728K), [Metaspace: 26034K->26034K(1073152K)], 0.0261930 secs] [Times: user=0.03 sys=0.01, real=0.02 secs] 
2.780: [GC (CMS Initial Mark) [1 CMS-initial-mark: 5119K(5120K)] 7633K(9728K), 0.0022413 secs] [Times: user=0.00 sys=0.00, real=0.01 secs] 
2.782: [CMS-concurrent-mark-start]
2.787: [CMS-concurrent-mark: 0.004/0.004 secs] [Times: user=0.01 sys=0.00, real=0.00 secs] 
2.787: [CMS-concurrent-preclean-start]
2.791: [CMS-concurrent-preclean: 0.005/0.005 secs] [Times: user=0.01 sys=0.00, real=0.01 secs] 
2.791: [CMS-concurrent-abortable-preclean-start]
2.791: [CMS-concurrent-abortable-preclean: 0.000/0.000 secs] [Times: user=0.00 sys=0.00, real=0.00 secs] 
2.792: [GC (CMS Final Remark) [YG occupancy: 3532 K (4608 K)]2.792: [Rescan (parallel) , 0.0028554 secs]2.794: [weak refs processing, 0.0000394 secs]2.795: [class unloading, 0.0019828 secs]2.797: [scrub symbol table, 0.0024059 secs]2.799: [scrub string table, 0.0003448 secs][1 CMS-remark: 5119K(5120K)] 8652K(9728K), 0.0078565 secs] [Times: user=0.03 sys=0.00, real=0.00 secs] 
2.800: [CMS-concurrent-sweep-start]
2.802: [CMS-concurrent-sweep: 0.002/0.002 secs] [Times: user=0.00 sys=0.00, real=0.01 secs] 
2.802: [CMS-concurrent-reset-start]
2.802: [CMS-concurrent-reset: 0.000/0.000 secs] [Times: user=0.00 sys=0.00, real=0.00 secs] 
2.807: [GC (Allocation Failure) 2.807: [ParNew: 4607K->4607K(4608K), 0.0000146 secs]2.807: [CMS: 5119K->5119K(5120K), 0.0254543 secs] 9727K->7784K(9728K), [Metaspace: 26128K->26128K(1073152K)], 0.0255564 secs] [Times: user=0.03 sys=0.00, real=0.03 secs] 
2.833: [GC (CMS Initial Mark) [1 CMS-initial-mark: 5119K(5120K)] 7828K(9728K), 0.0024045 secs] [Times: user=0.00 sys=0.00, real=0.00 secs] 
2.835: [CMS-concurrent-mark-start]
2.840: [CMS-concurrent-mark: 0.004/0.004 secs] [Times: user=0.01 sys=0.00, real=0.00 secs] 
2.840: [CMS-concurrent-preclean-start]
2.842: [Full GC (Allocation Failure) 2.842: [CMS2.845: [CMS-concurrent-preclean: 0.005/0.005 secs] [Times: user=0.01 sys=0.00, real=0.01 secs] 
 (concurrent mode failure): 5119K->5119K(5120K), 0.0283787 secs] 9727K->7791K(9728K), [Metaspace: 26164K->26164K(1073152K)], 0.0284546 secs] [Times: user=0.03 sys=0.00, real=0.02 secs] 
2.877: [Full GC (Allocation Failure) 2.877: [CMS: 5119K->5119K(5120K), 0.0246950 secs] 9727K->7996K(9728K), [Metaspace: 26299K->26299K(1073152K)], 0.0247918 secs] [Times: user=0.03 sys=0.00, real=0.03 secs] 
2.902: [GC (CMS Initial Mark) [1 CMS-initial-mark: 5119K(5120K)] 8038K(9728K), 0.0025477 secs] [Times: user=0.00 sys=0.00, real=0.00 secs] 
2.905: [CMS-concurrent-mark-start]
2.910: [CMS-concurrent-mark: 0.005/0.005 secs] [Times: user=0.02 sys=0.00, real=0.00 secs] 
2.910: [CMS-concurrent-preclean-start]
2.913: [Full GC (Allocation Failure) 2.913: [CMS2.915: [CMS-concurrent-preclean: 0.005/0.005 secs] [Times: user=0.01 sys=0.00, real=0.01 secs] 
 (concurrent mode failure): 5119K->5119K(5120K), 0.0268509 secs] 9727K->8051K(9728K), [Metaspace: 26490K->26490K(1073152K)], 0.0269320 secs] [Times: user=0.02 sys=0.00, real=0.02 secs] 
2.946: [Full GC (Allocation Failure) 2.946: [CMS: 5119K->5119K(5120K), 0.0238336 secs] 9727K->8119K(9728K), [Metaspace: 26640K->26640K(1073152K)], 0.0239109 secs] [Times: user=0.02 sys=0.00, real=0.02 secs] 
2.971: [GC (CMS Initial Mark) [1 CMS-initial-mark: 5119K(5120K)] 8152K(9728K), 0.0025634 secs] [Times: user=0.01 sys=0.00, real=0.01 secs] 
2.973: [CMS-concurrent-mark-start]
2.978: [CMS-concurrent-mark: 0.005/0.005 secs] [Times: user=0.01 sys=0.00, real=0.00 secs] 
2.978: [CMS-concurrent-preclean-start]
2.982: [Full GC (Allocation Failure) 2.983: [CMS2.983: [CMS-concurrent-preclean: 0.005/0.005 secs] [Times: user=0.01 sys=0.00, real=0.01 secs] 
 (concurrent mode failure): 5119K->5119K(5120K), 0.0249753 secs] 9726K->8338K(9728K), [Metaspace: 26802K->26802K(1073152K)], 0.0250566 secs] [Times: user=0.02 sys=0.00, real=0.02 secs] 
3.015: [Full GC (Allocation Failure) 3.015: [CMS: 5119K->5119K(5120K), 0.0256538 secs] 9727K->8391K(9728K), [Metaspace: 26923K->26923K(1073152K)], 0.0257300 secs] [Times: user=0.03 sys=0.00, real=0.03 secs] 
3.041: [GC (CMS Initial Mark) [1 CMS-initial-mark: 5119K(5120K)] 8423K(9728K), 0.0027960 secs] [Times: user=0.00 sys=0.00, real=0.00 secs] 
3.044: [CMS-concurrent-mark-start]
3.048: [CMS-concurrent-mark: 0.004/0.004 secs] [Times: user=0.01 sys=0.00, real=0.00 secs] 
3.048: [CMS-concurrent-preclean-start]
3.052: [Full GC (Allocation Failure) 3.052: [CMS3.053: [CMS-concurrent-preclean: 0.005/0.005 secs] [Times: user=0.01 sys=0.00, real=0.01 secs] 
 (concurrent mode failure): 5119K->5119K(5120K), 0.0254463 secs] 9727K->8463K(9728K), [Metaspace: 27052K->27052K(1073152K)], 0.0255283 secs] [Times: user=0.03 sys=0.00, real=0.02 secs] 
3.084: [Full GC (Allocation Failure) 3.084: [CMS: 5119K->5119K(5120K), 0.0249953 secs] 9727K->8463K(9728K), [Metaspace: 27169K->27169K(1075200K)], 0.0250719 secs] [Times: user=0.03 sys=0.00, real=0.02 secs] 
3.109: [GC (CMS Initial Mark) [1 CMS-initial-mark: 5119K(5120K)] 8492K(9728K), 0.0033187 secs] [Times: user=0.00 sys=0.00, real=0.01 secs] 
3.113: [CMS-concurrent-mark-start]
3.117: [CMS-concurrent-mark: 0.004/0.004 secs] [Times: user=0.02 sys=0.00, real=0.00 secs] 
3.117: [CMS-concurrent-preclean-start]
3.122: [CMS-concurrent-preclean: 0.005/0.005 secs] [Times: user=0.01 sys=0.00, real=0.01 secs] 
3.122: [CMS-concurrent-abortable-preclean-start]
3.122: [CMS-concurrent-abortable-preclean: 0.000/0.000 secs] [Times: user=0.00 sys=0.00, real=0.00 secs] 
3.122: [GC (CMS Final Remark) [YG occupancy: 4572 K (4608 K)]3.122: [Rescan (parallel) , 0.0033798 secs]3.126: [weak refs processing, 0.0000429 secs]3.126: [class unloading, 0.0021078 secs]3.128: [scrub symbol table, 0.0026568 secs]3.130: [scrub string table, 0.0003968 secs][1 CMS-remark: 5119K(5120K)] 9692K(9728K), 0.0088293 secs] [Times: user=0.03 sys=0.00, real=0.01 secs] 
3.131: [CMS-concurrent-sweep-start]
3.132: [Full GC (Allocation Failure) 3.132: [CMS3.133: [CMS-concurrent-sweep: 0.002/0.002 secs] [Times: user=0.00 sys=0.00, real=0.00 secs] 
 (concurrent mode failure): 5119K->5119K(5120K), 0.0281008 secs] 9726K->8223K(9728K), [Metaspace: 27429K->27429K(1075200K)], 0.0282012 secs] [Times: user=0.03 sys=0.00, real=0.02 secs] 
3.183: [Full GC (Allocation Failure) 3.183: [CMS: 5119K->5120K(5120K), 0.0264737 secs] 9727K->8283K(9728K), [Metaspace: 28065K->28065K(1075200K)], 0.0265557 secs] [Times: user=0.03 sys=0.00, real=0.02 secs] 
3.210: [GC (CMS Initial Mark) [1 CMS-initial-mark: 5120K(5120K)] 8455K(9728K), 0.0026733 secs] [Times: user=0.00 sys=0.00, real=0.01 secs] 
3.213: [CMS-concurrent-mark-start]
3.215: [Full GC (Allocation Failure) 3.215: [CMS3.219: [CMS-concurrent-mark: 0.005/0.006 secs] [Times: user=0.01 sys=0.00, real=0.00 secs] 
 (concurrent mode failure): 5120K->5120K(5120K), 0.0281223 secs] 9722K->8333K(9728K), [Metaspace: 28065K->28065K(1075200K)], 0.0282057 secs] [Times: user=0.03 sys=0.00, real=0.03 secs] 
3.247: [Full GC (Allocation Failure) 3.247: [CMS: 5120K->5120K(5120K), 0.0238737 secs] 9725K->8355K(9728K), [Metaspace: 28066K->28066K(1075200K)], 0.0239840 secs] [Times: user=0.03 sys=0.00, real=0.03 secs] 
3.272: [GC (CMS Initial Mark) [1 CMS-initial-mark: 5120K(5120K)] 8393K(9728K), 0.0027624 secs] [Times: user=0.00 sys=0.00, real=0.00 secs] 
3.274: [CMS-concurrent-mark-start]
3.279: [CMS-concurrent-mark: 0.004/0.004 secs] [Times: user=0.01 sys=0.00, real=0.00 secs] 
3.279: [CMS-concurrent-preclean-start]
3.280: [Full GC (Allocation Failure) 3.280: [CMS3.284: [CMS-concurrent-preclean: 0.005/0.005 secs] [Times: user=0.01 sys=0.00, real=0.01 secs] 
 (concurrent mode failure): 5120K->5119K(5120K), 0.0301108 secs] 9725K->8391K(9728K), [Metaspace: 28092K->28092K(1075200K)], 0.0301932 secs] [Times: user=0.03 sys=0.00, real=0.03 secs] 
3.321: [Full GC (Allocation Failure) 3.321: [CMS: 5119K->5119K(5120K), 0.0264831 secs] 9727K->8597K(9728K), [Metaspace: 28230K->28230K(1075200K)], 0.0265638 secs] [Times: user=0.02 sys=0.00, real=0.03 secs] 
3.347: [GC (CMS Initial Mark) [1 CMS-initial-mark: 5119K(5120K)] 8626K(9728K), 0.0029351 secs] [Times: user=0.01 sys=0.00, real=0.00 secs] 
3.350: [CMS-concurrent-mark-start]
3.355: [CMS-concurrent-mark: 0.005/0.005 secs] [Times: user=0.01 sys=0.00, real=0.01 secs] 
3.355: [CMS-concurrent-preclean-start]
3.360: [CMS-concurrent-preclean: 0.005/0.005 secs] [Times: user=0.01 sys=0.00, real=0.00 secs] 
3.360: [CMS-concurrent-abortable-preclean-start]
3.360: [CMS-concurrent-abortable-preclean: 0.000/0.000 secs] [Times: user=0.00 sys=0.00, real=0.00 secs] 
3.361: [GC (CMS Final Remark) [YG occupancy: 4473 K (4608 K)]3.361: [Rescan (parallel) , 0.0032717 secs]3.364: [weak refs processing, 0.0000201 secs]3.364: [class unloading, 0.0021156 secs]3.366: [scrub symbol table, 0.0030161 secs]3.369: [scrub string table, 0.0004079 secs][1 CMS-remark: 5119K(5120K)] 9593K(9728K), 0.0090998 secs] [Times: user=0.03 sys=0.00, real=0.01 secs] 
3.370: [CMS-concurrent-sweep-start]
3.371: [Full GC (Allocation Failure) 3.371: [CMS3.372: [CMS-concurrent-sweep: 0.002/0.002 secs] [Times: user=0.01 sys=0.00, real=0.01 secs] 
 (concurrent mode failure): 5119K->5119K(5120K), 0.0303897 secs] 9725K->8582K(9728K), [Metaspace: 28286K->28286K(1075200K)], 0.0304720 secs] [Times: user=0.03 sys=0.00, real=0.03 secs] 
3.409: [Full GC (Allocation Failure) 3.409: [CMS: 5119K->5119K(5120K), 0.0255476 secs] 9727K->8702K(9728K), [Metaspace: 28448K->28448K(1075200K)], 0.0256273 secs] [Times: user=0.02 sys=0.00, real=0.03 secs] 
3.435: [GC (CMS Initial Mark) [1 CMS-initial-mark: 5119K(5120K)] 8727K(9728K), 0.0029921 secs] [Times: user=0.00 sys=0.00, real=0.00 secs] 
3.438: [CMS-concurrent-mark-start]
3.443: [CMS-concurrent-mark: 0.004/0.004 secs] [Times: user=0.02 sys=0.00, real=0.01 secs] 
3.443: [CMS-concurrent-preclean-start]
3.446: [Full GC (Allocation Failure) 3.447: [CMS3.448: [CMS-concurrent-preclean: 0.005/0.005 secs] [Times: user=0.01 sys=0.00, real=0.00 secs] 
 (concurrent mode failure): 5119K->5119K(5120K), 0.0284281 secs] 9723K->8819K(9728K), [Metaspace: 28549K->28549K(1075200K)], 0.0285085 secs] [Times: user=0.02 sys=0.00, real=0.03 secs] 
3.479: [Full GC (Allocation Failure) 3.479: [CMS: 5119K->5119K(5120K), 0.0311513 secs] 9727K->8828K(9728K), [Metaspace: 28631K->28631K(1075200K)], 0.0312371 secs] [Times: user=0.03 sys=0.00, real=0.03 secs] 
3.510: [GC (CMS Initial Mark) [1 CMS-initial-mark: 5119K(5120K)] 8828K(9728K), 0.0031635 secs] [Times: user=0.01 sys=0.00, real=0.01 secs] 
3.514: [CMS-concurrent-mark-start]
3.520: [Full GC (Allocation Failure) 3.520: [CMS3.522: [CMS-concurrent-mark: 0.006/0.008 secs] [Times: user=0.02 sys=0.01, real=0.01 secs] 
 (concurrent mode failure): 5119K->5119K(5120K), 0.0305408 secs] 9721K->8899K(9728K), [Metaspace: 28722K->28722K(1075200K)], 0.0306231 secs] [Times: user=0.03 sys=0.00, real=0.03 secs] 
3.555: [Full GC (Allocation Failure) 3.555: [CMS: 5119K->5119K(5120K), 0.0282318 secs] 9727K->8967K(9728K), [Metaspace: 28771K->28771K(1075200K)], 0.0283135 secs] [Times: user=0.03 sys=0.00, real=0.03 secs] 
3.583: [GC (CMS Initial Mark) [1 CMS-initial-mark: 5119K(5120K)] 8967K(9728K), 0.0032605 secs] [Times: user=0.00 sys=0.00, real=0.00 secs] 
3.587: [CMS-concurrent-mark-start]
3.591: [Full GC (Allocation Failure) 3.591: [CMS3.593: [CMS-concurrent-mark: 0.005/0.006 secs] [Times: user=0.01 sys=0.00, real=0.01 secs] 
 (concurrent mode failure): 5119K->5119K(5120K), 0.0283483 secs] 9724K->8957K(9728K), [Metaspace: 28778K->28778K(1075200K)], 0.0284275 secs] [Times: user=0.03 sys=0.00, real=0.03 secs] 
3.621: [Full GC (Allocation Failure) 3.622: [CMS: 5119K->5119K(5120K), 0.0251571 secs] 9726K->8969K(9728K), [Metaspace: 28778K->28778K(1075200K)], 0.0252298 secs] [Times: user=0.03 sys=0.00, real=0.02 secs] 
3.647: [GC (CMS Initial Mark) [1 CMS-initial-mark: 5119K(5120K)] 9034K(9728K), 0.0032612 secs] [Times: user=0.00 sys=0.00, real=0.00 secs] 
3.650: [CMS-concurrent-mark-start]
3.652: [Full GC (Allocation Failure) 3.652: [CMS3.656: [CMS-concurrent-mark: 0.005/0.006 secs] [Times: user=0.01 sys=0.00, real=0.01 secs] 
 (concurrent mode failure): 5119K->5119K(5120K), 0.0301133 secs] 9725K->8976K(9728K), [Metaspace: 28778K->28778K(1075200K)], 0.0301888 secs] [Times: user=0.03 sys=0.00, real=0.03 secs] 
3.684: [Full GC (Allocation Failure) 3.684: [CMS: 5119K->5119K(5120K), 0.0251026 secs] 9726K->8961K(9728K), [Metaspace: 28778K->28778K(1075200K)], 0.0251790 secs] [Times: user=0.02 sys=0.00, real=0.02 secs] 
3.709: [GC (CMS Initial Mark) [1 CMS-initial-mark: 5119K(5120K)] 8985K(9728K), 0.0033047 secs] [Times: user=0.01 sys=0.00, real=0.01 secs] 
3.712: [CMS-concurrent-mark-start]
3.713: [Full GC (Allocation Failure) 3.713: [CMS3.718: [CMS-concurrent-mark: 0.005/0.006 secs] [Times: user=0.01 sys=0.00, real=0.00 secs] 
 (concurrent mode failure): 5119K->5119K(5120K), 0.0310725 secs] 9726K->8996K(9728K), [Metaspace: 28778K->28778K(1075200K)], 0.0311412 secs] [Times: user=0.03 sys=0.00, real=0.03 secs] 
3.746: [Full GC (Allocation Failure) 3.746: [CMS: 5119K->5119K(5120K), 0.0258077 secs] 9724K->8960K(9728K), [Metaspace: 28778K->28778K(1075200K)], 0.0258800 secs] [Times: user=0.03 sys=0.00, real=0.03 secs] 
3.772: [GC (CMS Initial Mark) [1 CMS-initial-mark: 5119K(5120K)] 8983K(9728K), 0.0032629 secs] [Times: user=0.00 sys=0.00, real=0.00 secs] 
3.775: [CMS-concurrent-mark-start]
3.778: [Full GC (Allocation Failure) 3.778: [CMS3.781: [CMS-concurrent-mark: 0.005/0.006 secs] [Times: user=0.02 sys=0.00, real=0.01 secs] 
 (concurrent mode failure): 5120K->5120K(5120K), 0.0291752 secs] 9727K->8974K(9728K), [Metaspace: 28778K->28778K(1075200K)], 0.0292462 secs] [Times: user=0.03 sys=0.00, real=0.03 secs] 
3.811: [Full GC (Allocation Failure) 3.811: [CMS: 5120K->5119K(5120K), 0.0256339 secs] 9726K->8977K(9728K), [Metaspace: 28778K->28778K(1075200K)], 0.0257170 secs] [Times: user=0.03 sys=0.00, real=0.02 secs] 
3.837: [GC (CMS Initial Mark) [1 CMS-initial-mark: 5119K(5120K)] 8984K(9728K), 0.0032047 secs] [Times: user=0.00 sys=0.00, real=0.00 secs] 
3.840: [CMS-concurrent-mark-start]
3.845: [CMS-concurrent-mark: 0.005/0.005 secs] [Times: user=0.02 sys=0.00, real=0.01 secs] 
3.845: [CMS-concurrent-preclean-start]
3.845: [Full GC (Allocation Failure) 3.845: [CMS3.850: [CMS-concurrent-preclean: 0.005/0.005 secs] [Times: user=0.00 sys=0.00, real=0.00 secs] 
 (concurrent mode failure): 5119K->5119K(5120K), 0.0305578 secs] 9727K->9023K(9728K), [Metaspace: 28819K->28819K(1075200K)], 0.0306326 secs] [Times: user=0.03 sys=0.00, real=0.03 secs] 
3.881: [Full GC (Allocation Failure) 3.881: [CMS: 5119K->5120K(5120K), 0.0298626 secs] 9727K->9123K(9728K), [Metaspace: 28902K->28902K(1075200K)], 0.0299472 secs] [Times: user=0.03 sys=0.00, real=0.03 secs] 
3.911: [GC (CMS Initial Mark) [1 CMS-initial-mark: 5120K(5120K)] 9139K(9728K), 0.0033633 secs] [Times: user=0.01 sys=0.00, real=0.00 secs] 
3.914: [CMS-concurrent-mark-start]
3.919: [CMS-concurrent-mark: 0.004/0.004 secs] [Times: user=0.01 sys=0.00, real=0.00 secs] 
3.919: [CMS-concurrent-preclean-start]
3.919: [Full GC (Allocation Failure) 3.919: [CMS3.924: [CMS-concurrent-preclean: 0.005/0.005 secs] [Times: user=0.01 sys=0.00, real=0.01 secs] 
 (concurrent mode failure): 5120K->5120K(5120K), 0.0322477 secs] 9728K->9141K(9728K), [Metaspace: 28966K->28966K(1075200K)], 0.0323246 secs] [Times: user=0.03 sys=0.00, real=0.04 secs] 
3.956: [Full GC (Allocation Failure) 3.956: [CMS: 5120K->5119K(5120K), 0.0299290 secs] 9728K->9154K(9728K), [Metaspace: 28966K->28966K(1075200K)], 0.0300071 secs] [Times: user=0.03 sys=0.00, real=0.03 secs] 
3.986: [GC (CMS Initial Mark) [1 CMS-initial-mark: 5119K(5120K)] 9168K(9728K), 0.0042434 secs] [Times: user=0.00 sys=0.00, real=0.00 secs] 
3.991: [CMS-concurrent-mark-start]
3.996: [CMS-concurrent-mark: 0.005/0.005 secs] [Times: user=0.02 sys=0.00, real=0.01 secs] 
3.996: [CMS-concurrent-preclean-start]
3.996: [Full GC (Allocation Failure) 3.996: [CMS4.001: [CMS-concurrent-preclean: 0.005/0.005 secs] [Times: user=0.01 sys=0.00, real=0.01 secs] 
 (concurrent mode failure): 5119K->5119K(5120K), 0.0360519 secs] 9727K->9187K(9728K), [Metaspace: 29032K->29032K(1075200K)], 0.0361411 secs] [Times: user=0.04 sys=0.00, real=0.04 secs] 
4.037: [Full GC (Allocation Failure) 4.037: [CMS: 5119K->5120K(5120K), 0.0293962 secs] 9727K->9178K(9728K), [Metaspace: 29065K->29065K(1075200K)], 0.0294871 secs] [Times: user=0.03 sys=0.00, real=0.03 secs] 
4.067: [GC (CMS Initial Mark) [1 CMS-initial-mark: 5120K(5120K)] 9185K(9728K), 0.0035945 secs] [Times: user=0.00 sys=0.00, real=0.00 secs] 
4.071: [CMS-concurrent-mark-start]
4.075: [CMS-concurrent-mark: 0.005/0.005 secs] [Times: user=0.02 sys=0.00, real=0.01 secs] 
4.076: [CMS-concurrent-preclean-start]
4.076: [Full GC (Allocation Failure) 4.076: [CMS4.080: [CMS-concurrent-preclean: 0.005/0.005 secs] [Times: user=0.01 sys=0.00, real=0.00 secs] 
 (concurrent mode failure): 5120K->5119K(5120K), 0.0319413 secs] 9724K->9176K(9728K), [Metaspace: 29088K->29088K(1075200K)], 0.0320333 secs] [Times: user=0.03 sys=0.00, real=0.03 secs] 
4.115: [Full GC (Allocation Failure) 4.115: [CMS: 5119K->5119K(5120K), 0.0301152 secs] 9727K->9217K(9728K), [Metaspace: 29119K->29119K(1075200K)], 0.0302010 secs] [Times: user=0.03 sys=0.00, real=0.03 secs] 
4.145: [GC (CMS Initial Mark) [1 CMS-initial-mark: 5119K(5120K)] 9217K(9728K), 0.0036905 secs] [Times: user=0.00 sys=0.00, real=0.00 secs] 
4.149: [CMS-concurrent-mark-start]
4.153: [CMS-concurrent-mark: 0.005/0.005 secs] [Times: user=0.01 sys=0.00, real=0.01 secs] 
4.154: [CMS-concurrent-preclean-start]
4.154: [Full GC (Allocation Failure) 4.154: [CMS4.159: [CMS-concurrent-preclean: 0.005/0.005 secs] [Times: user=0.01 sys=0.00, real=0.00 secs] 
 (concurrent mode failure): 5119K->5119K(5120K), 0.0327468 secs] 9727K->8948K(9728K), [Metaspace: 29128K->29128K(1075200K)], 0.0328632 secs] [Times: user=0.03 sys=0.00, real=0.03 secs] 
4.190: [Full GC (Allocation Failure) 4.190: [CMS: 5119K->5119K(5120K), 0.0275561 secs] 9719K->8924K(9728K), [Metaspace: 29068K->29068K(1075200K)], 0.0276740 secs] [Times: user=0.03 sys=0.00, real=0.03 secs] 
4.218: [GC (CMS Initial Mark) [1 CMS-initial-mark: 5119K(5120K)] 9046K(9728K), 0.0034004 secs] [Times: user=0.00 sys=0.00, real=0.01 secs] 
4.221: [CMS-concurrent-mark-start]
4.228: [Full GC (Allocation Failure) 4.228: [CMS4.229: [CMS-concurrent-mark: 0.005/0.008 secs] [Times: user=0.02 sys=0.00, real=0.00 secs] 
 (concurrent mode failure): 5119K->5119K(5120K), 0.0358515 secs] 9727K->8986K(9728K), [Metaspace: 29087K->29087K(1075200K)], 0.0359397 secs] [Times: user=0.04 sys=0.00, real=0.04 secs] 
4.270: [Full GC (Allocation Failure) 4.270: [CMS: 5119K->5119K(5120K), 0.0281369 secs] 9727K->9016K(9728K), [Metaspace: 29113K->29113K(1075200K)], 0.0282329 secs] [Times: user=0.03 sys=0.00, real=0.03 secs] 
4.298: [GC (CMS Initial Mark) [1 CMS-initial-mark: 5119K(5120K)] 9031K(9728K), 0.0037428 secs] [Times: user=0.00 sys=0.00, real=0.01 secs] 
4.302: [CMS-concurrent-mark-start]
4.306: [Full GC (Allocation Failure) 4.306: [CMS4.309: [CMS-concurrent-mark: 0.005/0.006 secs] [Times: user=0.02 sys=0.00, real=0.00 secs] 
 (concurrent mode failure): 5119K->5119K(5120K), 0.0330317 secs] 9727K->9092K(9728K), [Metaspace: 29172K->29172K(1075200K)], 0.0331285 secs] [Times: user=0.03 sys=0.00, real=0.03 secs] 
4.343: [Full GC (Allocation Failure) 4.343: [CMS: 5119K->5119K(5120K), 0.0337834 secs] 9727K->9054K(9728K), [Metaspace: 29185K->29185K(1075200K)], 0.0338787 secs] [Times: user=0.03 sys=0.00, real=0.03 secs] 
4.377: [GC (CMS Initial Mark) [1 CMS-initial-mark: 5119K(5120K)] 9068K(9728K), 0.0043089 secs] [Times: user=0.01 sys=0.00, real=0.01 secs] 
4.382: [CMS-concurrent-mark-start]
4.388: [CMS-concurrent-mark: 0.005/0.006 secs] [Times: user=0.02 sys=0.00, real=0.00 secs] 
4.388: [CMS-concurrent-preclean-start]
4.391: [Full GC (Allocation Failure) 4.391: [CMS4.394: [CMS-concurrent-preclean: 0.006/0.006 secs] [Times: user=0.01 sys=0.01, real=0.01 secs] 
 (concurrent mode failure): 5119K->5119K(5120K), 0.0365917 secs] 9727K->9118K(9728K), [Metaspace: 29275K->29275K(1075200K)], 0.0366827 secs] [Times: user=0.04 sys=0.00, real=0.03 secs] 
4.432: [Full GC (Allocation Failure) 4.432: [CMS: 5119K->5119K(5120K), 0.0312828 secs] 9727K->9108K(9728K), [Metaspace: 29298K->29298K(1075200K)], 0.0313773 secs] [Times: user=0.03 sys=0.00, real=0.03 secs] 
4.463: [GC (CMS Initial Mark) [1 CMS-initial-mark: 5119K(5120K)] 9133K(9728K), 0.0033202 secs] [Times: user=0.01 sys=0.00, real=0.00 secs] 
4.467: [CMS-concurrent-mark-start]
4.472: [CMS-concurrent-mark: 0.005/0.005 secs] [Times: user=0.01 sys=0.00, real=0.01 secs] 
4.472: [CMS-concurrent-preclean-start]
4.474: [Full GC (Allocation Failure) 4.474: [CMS4.477: [CMS-concurrent-preclean: 0.005/0.005 secs] [Times: user=0.01 sys=0.00, real=0.00 secs] 
 (concurrent mode failure): 5120K->5119K(5120K), 0.0364167 secs] 9727K->9137K(9728K), [Metaspace: 29327K->29327K(1075200K)], 0.0365146 secs] [Times: user=0.03 sys=0.00, real=0.03 secs] 
4.519: [Full GC (Allocation Failure) 4.519: [CMS: 5119K->5119K(5120K), 0.0321373 secs] 9727K->9233K(9728K), [Metaspace: 29350K->29350K(1075200K)], 0.0322345 secs] [Times: user=0.03 sys=0.00, real=0.04 secs] 
4.552: [GC (CMS Initial Mark) [1 CMS-initial-mark: 5119K(5120K)] 9233K(9728K), 0.0036616 secs] [Times: user=0.00 sys=0.00, real=0.00 secs] 
4.556: [CMS-concurrent-mark-start]
4.561: [CMS-concurrent-mark: 0.005/0.005 secs] [Times: user=0.02 sys=0.00, real=0.00 secs] 
4.561: [CMS-concurrent-preclean-start]
4.561: [Full GC (Allocation Failure) 4.561: [CMS4.566: [CMS-concurrent-preclean: 0.005/0.005 secs] [Times: user=0.00 sys=0.00, real=0.01 secs] 
 (concurrent mode failure): 5119K->5119K(5120K), 0.0371719 secs] 9727K->9098K(9728K), [Metaspace: 29365K->29365K(1075200K)], 0.0372634 secs] [Times: user=0.04 sys=0.00, real=0.03 secs] 
4.603: [Full GC (Allocation Failure) 4.603: [CMS: 5119K->5119K(5120K), 0.0335861 secs] 9727K->9175K(9728K), [Metaspace: 29397K->29397K(1075200K)], 0.0336776 secs] [Times: user=0.04 sys=0.00, real=0.03 secs] 
4.636: [GC (CMS Initial Mark) [1 CMS-initial-mark: 5119K(5120K)] 9189K(9728K), 0.0035417 secs] [Times: user=0.00 sys=0.00, real=0.00 secs] 
4.640: [CMS-concurrent-mark-start]
4.645: [Full GC (Allocation Failure) 4.645: [CMS4.647: [CMS-concurrent-mark: 0.005/0.007 secs] [Times: user=0.02 sys=0.00, real=0.01 secs] 
 (concurrent mode failure): 5119K->5119K(5120K), 0.0355473 secs] 9727K->9273K(9728K), [Metaspace: 29436K->29436K(1075200K)], 0.0356449 secs] [Times: user=0.03 sys=0.00, real=0.03 secs] 
4.684: [Full GC (Allocation Failure) 4.684: [CMS: 5120K->5120K(5120K), 0.0339697 secs] 9728K->9114K(9728K), [Metaspace: 29468K->29468K(1075200K)], 0.0340757 secs] [Times: user=0.03 sys=0.00, real=0.03 secs] 
4.718: [GC (CMS Initial Mark) [1 CMS-initial-mark: 5120K(5120K)] 9114K(9728K), 0.0034927 secs] [Times: user=0.01 sys=0.00, real=0.01 secs] 
4.722: [CMS-concurrent-mark-start]
4.727: [CMS-concurrent-mark: 0.006/0.006 secs] [Times: user=0.02 sys=0.00, real=0.00 secs] 
4.727: [CMS-concurrent-preclean-start]
4.728: [Full GC (Allocation Failure) 4.728: [CMS4.732: [CMS-concurrent-preclean: 0.005/0.005 secs] [Times: user=0.01 sys=0.00, real=0.01 secs] 
 (concurrent mode failure): 5120K->5119K(5120K), 0.0377717 secs] 9727K->9143K(9728K), [Metaspace: 29453K->29453K(1075200K)], 0.0378547 secs] [Times: user=0.04 sys=0.00, real=0.04 secs] 
4.772: [Full GC (Allocation Failure) 4.772: [CMS: 5119K->5119K(5120K), 0.0321628 secs] 9727K->9188K(9728K), [Metaspace: 29466K->29466K(1075200K)], 0.0322596 secs] [Times: user=0.03 sys=0.00, real=0.03 secs] 
4.805: [GC (CMS Initial Mark) [1 CMS-initial-mark: 5119K(5120K)] 9198K(9728K), 0.0034444 secs] [Times: user=0.00 sys=0.00, real=0.00 secs] 
4.808: [CMS-concurrent-mark-start]
4.813: [CMS-concurrent-mark: 0.005/0.005 secs] [Times: user=0.02 sys=0.00, real=0.01 secs] 
4.813: [CMS-concurrent-preclean-start]
4.815: [Full GC (Allocation Failure) 4.815: [CMS4.818: [CMS-concurrent-preclean: 0.005/0.005 secs] [Times: user=0.01 sys=0.00, real=0.00 secs] 
 (concurrent mode failure): 5119K->5119K(5120K), 0.0344010 secs] 9727K->9306K(9728K), [Metaspace: 29484K->29484K(1077248K)], 0.0344972 secs] [Times: user=0.04 sys=0.00, real=0.03 secs] 
4.853: [Full GC (Allocation Failure) 4.853: [CMS: 5119K->5119K(5120K), 0.0348682 secs] 9727K->9143K(9728K), [Metaspace: 29511K->29511K(1077248K)], 0.0350093 secs] [Times: user=0.03 sys=0.00, real=0.03 secs] 
4.888: [GC (CMS Initial Mark) [1 CMS-initial-mark: 5119K(5120K)] 9143K(9728K), 0.0033831 secs] [Times: user=0.01 sys=0.00, real=0.01 secs] 
4.891: [CMS-concurrent-mark-start]
4.896: [CMS-concurrent-mark: 0.005/0.005 secs] [Times: user=0.01 sys=0.00, real=0.00 secs] 
4.896: [CMS-concurrent-preclean-start]
4.897: [Full GC (Allocation Failure) 4.897: [CMS4.901: [CMS-concurrent-preclean: 0.005/0.005 secs] [Times: user=0.01 sys=0.00, real=0.01 secs] 
 (concurrent mode failure): 5119K->5120K(5120K), 0.0351067 secs] 9727K->9215K(9728K), [Metaspace: 29524K->29524K(1077248K)], 0.0351952 secs] [Times: user=0.04 sys=0.00, real=0.04 secs] 
4.936: [Full GC (Allocation Failure) 4.936: [CMS: 5120K->5120K(5120K), 0.0311200 secs] 9727K->9236K(9728K), [Metaspace: 29563K->29563K(1077248K)], 0.0312394 secs] [Times: user=0.03 sys=0.00, real=0.03 secs] 
4.968: [GC (CMS Initial Mark) [1 CMS-initial-mark: 5120K(5120K)] 9236K(9728K), 0.0035875 secs] [Times: user=0.01 sys=0.00, real=0.01 secs] 
4.972: [CMS-concurrent-mark-start]
4.976: [CMS-concurrent-mark: 0.004/0.004 secs] [Times: user=0.01 sys=0.00, real=0.00 secs] 
4.976: [CMS-concurrent-preclean-start]
4.977: [Full GC (Allocation Failure) 4.977: [CMS4.981: [CMS-concurrent-preclean: 0.005/0.005 secs] [Times: user=0.01 sys=0.00, real=0.01 secs] 
 (concurrent mode failure): 5120K->5120K(5120K), 0.0332817 secs] 9727K->9246K(9728K), [Metaspace: 29582K->29582K(1077248K)], 0.0333731 secs] [Times: user=0.04 sys=0.00, real=0.03 secs] 
5.013: [Full GC (Allocation Failure) 5.013: [CMS: 5120K->5120K(5120K), 0.0316854 secs] 9727K->9165K(9728K), [Metaspace: 29599K->29599K(1077248K)], 0.0317888 secs] [Times: user=0.03 sys=0.00, real=0.03 secs] 
5.045: [GC (CMS Initial Mark) [1 CMS-initial-mark: 5120K(5120K)] 9176K(9728K), 0.0033742 secs] [Times: user=0.00 sys=0.00, real=0.00 secs] 
5.049: [CMS-concurrent-mark-start]
5.053: [CMS-concurrent-mark: 0.005/0.005 secs] [Times: user=0.02 sys=0.01, real=0.01 secs] 
5.053: [CMS-concurrent-preclean-start]
5.055: [Full GC (Allocation Failure) 5.055: [CMS5.059: [CMS-concurrent-preclean: 0.005/0.005 secs] [Times: user=0.01 sys=0.00, real=0.00 secs] 
 (concurrent mode failure): 5120K->5119K(5120K), 0.0387238 secs] 9727K->9251K(9728K), [Metaspace: 29595K->29595K(1077248K)], 0.0388194 secs] [Times: user=0.04 sys=0.00, real=0.04 secs] 
5.096: [Full GC (Allocation Failure) 5.096: [CMS: 5120K->5119K(5120K), 0.0351762 secs] 9728K->9215K(9728K), [Metaspace: 29595K->29595K(1077248K)], 0.0352774 secs] [Times: user=0.04 sys=0.00, real=0.04 secs] 
5.131: [GC (CMS Initial Mark) [1 CMS-initial-mark: 5119K(5120K)] 9215K(9728K), 0.0036905 secs] [Times: user=0.00 sys=0.00, real=0.00 secs] 
5.135: [CMS-concurrent-mark-start]
5.139: [Full GC (Allocation Failure) 5.139: [CMS5.141: [CMS-concurrent-mark: 0.005/0.006 secs] [Times: user=0.02 sys=0.00, real=0.01 secs] 
 (concurrent mode failure): 5119K->5119K(5120K), 0.0359165 secs] 9727K->9220K(9728K), [Metaspace: 29588K->29588K(1077248K)], 0.0360113 secs] [Times: user=0.03 sys=0.00, real=0.04 secs] 
5.177: [Full GC (Allocation Failure) 5.177: [CMS: 5119K->5120K(5120K), 0.0345834 secs] 9727K->9198K(9728K), [Metaspace: 29588K->29588K(1077248K)], 0.0346845 secs] [Times: user=0.04 sys=0.00, real=0.04 secs] 
5.212: [GC (CMS Initial Mark) [1 CMS-initial-mark: 5120K(5120K)] 9209K(9728K), 0.0035794 secs] [Times: user=0.00 sys=0.00, real=0.00 secs] 
5.216: [CMS-concurrent-mark-start]
5.221: [CMS-concurrent-mark: 0.005/0.005 secs] [Times: user=0.02 sys=0.00, real=0.01 secs] 
5.221: [CMS-concurrent-preclean-start]
5.222: [Full GC (Allocation Failure) 5.222: [CMS5.226: [CMS-concurrent-preclean: 0.005/0.005 secs] [Times: user=0.00 sys=0.00, real=0.00 secs] 
 (concurrent mode failure): 5120K->5119K(5120K), 0.0396996 secs] 9727K->9298K(9728K), [Metaspace: 29604K->29604K(1077248K)], 0.0397986 secs] [Times: user=0.04 sys=0.00, real=0.04 secs] 
5.267: [Full GC (Allocation Failure) 5.267: [CMS: 5119K->5119K(5120K), 0.0380873 secs] 9727K->9368K(9728K), [Metaspace: 29619K->29619K(1077248K)], 0.0382046 secs] [Times: user=0.04 sys=0.00, real=0.04 secs] 
5.305: [GC (CMS Initial Mark) [1 CMS-initial-mark: 5119K(5120K)] 9368K(9728K), 0.0036422 secs] [Times: user=0.00 sys=0.00, real=0.00 secs] 
5.309: [CMS-concurrent-mark-start]
5.311: [Full GC (Allocation Failure) 5.311: [CMS5.316: [CMS-concurrent-mark: 0.005/0.007 secs] [Times: user=0.02 sys=0.00, real=0.01 secs] 
 (concurrent mode failure): 5119K->5119K(5120K), 0.0364089 secs] 9727K->9362K(9728K), [Metaspace: 29623K->29623K(1077248K)], 0.0365178 secs] [Times: user=0.04 sys=0.00, real=0.03 secs] 
5.350: [Full GC (Allocation Failure) 5.350: [CMS: 5119K->5119K(5120K), 0.0349147 secs] 9727K->9274K(9728K), [Metaspace: 29621K->29621K(1077248K)], 0.0350477 secs] [Times: user=0.03 sys=0.00, real=0.04 secs] 
5.385: [GC (CMS Initial Mark) [1 CMS-initial-mark: 5119K(5120K)] 9275K(9728K), 0.0042715 secs] [Times: user=0.01 sys=0.00, real=0.00 secs] 
5.389: [CMS-concurrent-mark-start]
5.391: [Full GC (Allocation Failure) 5.391: [CMS5.395: [CMS-concurrent-mark: 0.005/0.006 secs] [Times: user=0.01 sys=0.00, real=0.01 secs] 
 (concurrent mode failure): 5119K->5119K(5120K), 0.0352641 secs] 9727K->9420K(9728K), [Metaspace: 29625K->29625K(1077248K)], 0.0353731 secs] [Times: user=0.03 sys=0.00, real=0.03 secs] 
5.428: [Full GC (Allocation Failure) 5.428: [CMS: 5119K->5119K(5120K), 0.0302810 secs] 9727K->9441K(9728K), [Metaspace: 29628K->29628K(1077248K)], 0.0303829 secs] [Times: user=0.03 sys=0.00, real=0.03 secs] 
5.459: [GC (CMS Initial Mark) [1 CMS-initial-mark: 5119K(5120K)] 9445K(9728K), 0.0036530 secs] [Times: user=0.00 sys=0.00, real=0.01 secs] 
5.463: [CMS-concurrent-mark-start]
5.464: [Full GC (Allocation Failure) 5.464: [CMS5.469: [CMS-concurrent-mark: 0.005/0.006 secs] [Times: user=0.02 sys=0.00, real=0.00 secs] 
 (concurrent mode failure): 5119K->5119K(5120K), 0.0341192 secs] 9720K->9502K(9728K), [Metaspace: 29624K->29624K(1077248K)], 0.0342149 secs] [Times: user=0.03 sys=0.00, real=0.03 secs] 
5.500: [Full GC (Allocation Failure) 5.500: [CMS: 5119K->5119K(5120K), 0.0306500 secs] 9720K->9264K(9728K), [Metaspace: 29661K->29661K(1077248K)], 0.0307470 secs] [Times: user=0.03 sys=0.00, real=0.03 secs] 
5.531: [GC (CMS Initial Mark) [1 CMS-initial-mark: 5119K(5120K)] 9273K(9728K), 0.0036287 secs] [Times: user=0.00 sys=0.00, real=0.01 secs] 
5.534: [CMS-concurrent-mark-start]
5.537: [Full GC (Allocation Failure) 5.537: [CMS5.540: [CMS-concurrent-mark: 0.005/0.006 secs] [Times: user=0.02 sys=0.00, real=0.00 secs] 
 (concurrent mode failure): 5119K->5119K(5120K), 0.0352787 secs] 9727K->9287K(9728K), [Metaspace: 29700K->29700K(1077248K)], 0.0353875 secs] [Times: user=0.04 sys=0.00, real=0.04 secs] 
5.575: [Full GC (Allocation Failure) 5.575: [CMS: 5119K->5119K(5120K), 0.0296833 secs] 9727K->9234K(9728K), [Metaspace: 29678K->29678K(1077248K)], 0.0297922 secs] [Times: user=0.03 sys=0.00, real=0.03 secs] 
5.605: [GC (CMS Initial Mark) [1 CMS-initial-mark: 5119K(5120K)] 9234K(9728K), 0.0036529 secs] [Times: user=0.01 sys=0.00, real=0.00 secs] 
5.609: [CMS-concurrent-mark-start]
5.614: [CMS-concurrent-mark: 0.005/0.005 secs] [Times: user=0.01 sys=0.00, real=0.01 secs] 
5.614: [CMS-concurrent-preclean-start]
5.615: [Full GC (Allocation Failure) 5.615: [CMS5.619: [CMS-concurrent-preclean: 0.005/0.005 secs] [Times: user=0.01 sys=0.00, real=0.00 secs] 
 (concurrent mode failure): 5119K->5119K(5120K), 0.0335363 secs] 9727K->9334K(9728K), [Metaspace: 29692K->29692K(1077248K)], 0.0336399 secs] [Times: user=0.04 sys=0.00, real=0.03 secs] 
5.653: [Full GC (Allocation Failure) 5.654: [CMS: 5119K->5119K(5120K), 0.0312209 secs] 9727K->9284K(9728K), [Metaspace: 29702K->29702K(1077248K)], 0.0313326 secs] [Times: user=0.03 sys=0.00, real=0.03 secs] 
5.685: [GC (CMS Initial Mark) [1 CMS-initial-mark: 5119K(5120K)] 9284K(9728K), 0.0036960 secs] [Times: user=0.01 sys=0.00, real=0.00 secs] 
5.689: [CMS-concurrent-mark-start]
5.692: [Full GC (Allocation Failure) 5.692: [CMS5.695: [CMS-concurrent-mark: 0.005/0.006 secs] [Times: user=0.01 sys=0.00, real=0.01 secs] 
 (concurrent mode failure): 5119K->5119K(5120K), 0.0340816 secs] 9727K->9271K(9728K), [Metaspace: 29715K->29715K(1077248K)], 0.0341809 secs] [Times: user=0.03 sys=0.00, real=0.03 secs] 
5.732: [Full GC (Allocation Failure) 5.732: [CMS: 5120K->5119K(5120K), 0.0303327 secs] 9727K->9355K(9728K), [Metaspace: 29757K->29757K(1077248K)], 0.0304333 secs] [Times: user=0.03 sys=0.00, real=0.03 secs] 
5.763: [GC (CMS Initial Mark) [1 CMS-initial-mark: 5119K(5120K)] 9355K(9728K), 0.0035822 secs] [Times: user=0.01 sys=0.00, real=0.00 secs] 
5.766: [CMS-concurrent-mark-start]
5.771: [CMS-concurrent-mark: 0.005/0.005 secs] [Times: user=0.01 sys=0.00, real=0.01 secs] 
5.771: [CMS-concurrent-preclean-start]
5.772: [Full GC (Allocation Failure) 5.772: [CMS5.776: [CMS-concurrent-preclean: 0.005/0.005 secs] [Times: user=0.01 sys=0.00, real=0.00 secs] 
 (concurrent mode failure): 5119K->5119K(5120K), 0.0357918 secs] 9727K->9383K(9728K), [Metaspace: 29758K->29758K(1077248K)], 0.0358770 secs] [Times: user=0.04 sys=0.00, real=0.03 secs] 
5.810: [Full GC (Allocation Failure) 5.810: [CMS: 5119K->5119K(5120K), 0.0297026 secs] 9727K->9436K(9728K), [Metaspace: 29762K->29762K(1077248K)], 0.0297933 secs] [Times: user=0.03 sys=0.00, real=0.03 secs] 
5.840: [GC (CMS Initial Mark) [1 CMS-initial-mark: 5119K(5120K)] 9436K(9728K), 0.0035289 secs] [Times: user=0.01 sys=0.00, real=0.01 secs] 
5.844: [CMS-concurrent-mark-start]
5.846: [Full GC (Allocation Failure) 5.847: [CMS5.850: [CMS-concurrent-mark: 0.005/0.006 secs] [Times: user=0.01 sys=0.00, real=0.00 secs] 
 (concurrent mode failure): 5119K->5119K(5120K), 0.0361842 secs] 9727K->9362K(9728K), [Metaspace: 29773K->29773K(1077248K)], 0.0362824 secs] [Times: user=0.04 sys=0.00, real=0.04 secs] 
5.888: [Full GC (Allocation Failure) 5.888: [CMS: 5119K->5119K(5120K), 0.0313939 secs] 9727K->9329K(9728K), [Metaspace: 29799K->29799K(1077248K)], 0.0314871 secs] [Times: user=0.03 sys=0.00, real=0.03 secs] 
5.919: [GC (CMS Initial Mark) [1 CMS-initial-mark: 5119K(5120K)] 9330K(9728K), 0.0035840 secs] [Times: user=0.00 sys=0.00, real=0.01 secs] 
5.923: [CMS-concurrent-mark-start]
5.926: [Full GC (Allocation Failure) 5.926: [CMS5.929: [CMS-concurrent-mark: 0.005/0.006 secs] [Times: user=0.01 sys=0.00, real=0.00 secs] 
 (concurrent mode failure): 5119K->5120K(5120K), 0.0377122 secs] 9727K->9362K(9728K), [Metaspace: 29809K->29809K(1077248K)], 0.0378062 secs] [Times: user=0.04 sys=0.00, real=0.04 secs] 
5.964: [Full GC (Allocation Failure) 5.964: [CMS: 5120K->5119K(5120K), 0.0360881 secs] 9724K->9341K(9728K), [Metaspace: 29809K->29809K(1077248K)], 0.0361699 secs] [Times: user=0.03 sys=0.00, real=0.03 secs] 
6.000: [GC (CMS Initial Mark) [1 CMS-initial-mark: 5119K(5120K)] 9364K(9728K), 0.0036129 secs] [Times: user=0.01 sys=0.00, real=0.01 secs] 
6.004: [CMS-concurrent-mark-start]
6.008: [Full GC (Allocation Failure) 6.008: [CMS6.011: [CMS-concurrent-mark: 0.006/0.007 secs] [Times: user=0.01 sys=0.00, real=0.01 secs] 
 (concurrent mode failure): 5119K->5119K(5120K), 0.0365828 secs] 9727K->9411K(9728K), [Metaspace: 29830K->29830K(1077248K)], 0.0366769 secs] [Times: user=0.03 sys=0.00, real=0.04 secs] 
6.047: [Full GC (Allocation Failure) 6.047: [CMS: 5119K->5119K(5120K), 0.0313476 secs] 9727K->9339K(9728K), [Metaspace: 29834K->29834K(1077248K)], 0.0314333 secs] [Times: user=0.03 sys=0.00, real=0.03 secs] 
6.079: [GC (CMS Initial Mark) [1 CMS-initial-mark: 5119K(5120K)] 9345K(9728K), 0.0039222 secs] [Times: user=0.00 sys=0.00, real=0.01 secs] 
6.083: [CMS-concurrent-mark-start]
6.085: [Full GC (Allocation Failure) 6.085: [CMS6.090: [CMS-concurrent-mark: 0.006/0.007 secs] [Times: user=0.02 sys=0.00, real=0.00 secs] 
 (concurrent mode failure): 5119K->5119K(5120K), 0.0381633 secs] 9727K->9381K(9728K), [Metaspace: 29857K->29857K(1077248K)], 0.0382571 secs] [Times: user=0.04 sys=0.00, real=0.04 secs] 
6.128: [Full GC (Allocation Failure) 6.128: [CMS: 5119K->5119K(5120K), 0.0364199 secs] 9727K->9416K(9728K), [Metaspace: 29877K->29877K(1077248K)], 0.0365329 secs] [Times: user=0.04 sys=0.00, real=0.04 secs] 
6.164: [GC (CMS Initial Mark) [1 CMS-initial-mark: 5119K(5120K)] 9416K(9728K), 0.0038973 secs] [Times: user=0.00 sys=0.00, real=0.00 secs] 
6.168: [CMS-concurrent-mark-start]
6.172: [Full GC (Allocation Failure) 6.172: [CMS6.175: [CMS-concurrent-mark: 0.005/0.007 secs] [Times: user=0.02 sys=0.00, real=0.01 secs] 
 (concurrent mode failure): 5119K->5119K(5120K), 0.0354543 secs] 9727K->9424K(9728K), [Metaspace: 29881K->29881K(1077248K)], 0.0355668 secs] [Times: user=0.03 sys=0.00, real=0.03 secs] 
6.210: [Full GC (Allocation Failure) 6.210: [CMS: 5119K->5119K(5120K), 0.0335931 secs] 9720K->9420K(9728K), [Metaspace: 29895K->29895K(1077248K)], 0.0337000 secs] [Times: user=0.03 sys=0.00, real=0.04 secs] 
6.244: [GC (CMS Initial Mark) [1 CMS-initial-mark: 5119K(5120K)] 9431K(9728K), 0.0036207 secs] [Times: user=0.01 sys=0.00, real=0.00 secs] 
6.248: [CMS-concurrent-mark-start]
6.248: [Full GC (Allocation Failure) 6.248: [CMS6.254: [CMS-concurrent-mark: 0.005/0.006 secs] [Times: user=0.01 sys=0.00, real=0.01 secs] 
 (concurrent mode failure): 5119K->5119K(5120K), 0.0375971 secs] 9726K->9419K(9728K), [Metaspace: 29880K->29880K(1077248K)], 0.0376976 secs] [Times: user=0.04 sys=0.00, real=0.04 secs] 
6.287: [Full GC (Allocation Failure) 6.287: [CMS: 5119K->5119K(5120K), 0.0325023 secs] 9727K->9447K(9728K), [Metaspace: 29890K->29890K(1077248K)], 0.0325931 secs] [Times: user=0.03 sys=0.00, real=0.03 secs] 
6.320: [GC (CMS Initial Mark) [1 CMS-initial-mark: 5119K(5120K)] 9447K(9728K), 0.0037151 secs] [Times: user=0.01 sys=0.00, real=0.01 secs] 
6.324: [CMS-concurrent-mark-start]
6.327: [Full GC (Allocation Failure) 6.327: [CMS6.330: [CMS-concurrent-mark: 0.005/0.006 secs] [Times: user=0.02 sys=0.00, real=0.00 secs] 
 (concurrent mode failure): 5119K->5119K(5120K), 0.0347816 secs] 9727K->9484K(9728K), [Metaspace: 29902K->29902K(1077248K)], 0.0349014 secs] [Times: user=0.04 sys=0.00, real=0.04 secs] 
6.364: [Full GC (Allocation Failure) 6.364: [CMS: 5119K->5119K(5120K), 0.0376890 secs] 9727K->9423K(9728K), [Metaspace: 29885K->29885K(1077248K)], 0.0377860 secs] [Times: user=0.04 sys=0.00, real=0.04 secs] 
6.402: [GC (CMS Initial Mark) [1 CMS-initial-mark: 5119K(5120K)] 9424K(9728K), 0.0035732 secs] [Times: user=0.00 sys=0.00, real=0.00 secs] 
6.405: [CMS-concurrent-mark-start]
6.408: [Full GC (Allocation Failure) 6.408: [CMS6.412: [CMS-concurrent-mark: 0.005/0.006 secs] [Times: user=0.02 sys=0.00, real=0.01 secs] 
 (concurrent mode failure): 5119K->5119K(5120K), 0.0365395 secs] 9727K->9407K(9728K), [Metaspace: 29881K->29881K(1077248K)], 0.0366329 secs] [Times: user=0.04 sys=0.00, real=0.04 secs] 
6.445: [Full GC (Allocation Failure) 6.445: [CMS: 5119K->5119K(5120K), 0.0319919 secs] 9725K->9398K(9728K), [Metaspace: 29881K->29881K(1077248K)], 0.0320739 secs] [Times: user=0.03 sys=0.00, real=0.03 secs] 
6.478: [GC (CMS Initial Mark) [1 CMS-initial-mark: 5119K(5120K)] 9405K(9728K), 0.0038081 secs] [Times: user=0.00 sys=0.00, real=0.01 secs] 
6.481: [CMS-concurrent-mark-start]
6.483: [Full GC (Allocation Failure) 6.483: [CMS6.489: [CMS-concurrent-mark: 0.006/0.007 secs] [Times: user=0.02 sys=0.00, real=0.00 secs] 
 (concurrent mode failure): 5119K->5119K(5120K), 0.0358129 secs] 9714K->9448K(9728K), [Metaspace: 29889K->29889K(1077248K)], 0.0359015 secs] [Times: user=0.04 sys=0.00, real=0.03 secs] 
6.521: [Full GC (Allocation Failure) 6.521: [CMS: 5119K->5119K(5120K), 0.0320352 secs] 9720K->9457K(9728K), [Metaspace: 29926K->29926K(1077248K)], 0.0321275 secs] [Times: user=0.03 sys=0.00, real=0.04 secs] 
6.553: [GC (CMS Initial Mark) [1 CMS-initial-mark: 5119K(5120K)] 9504K(9728K), 0.0035637 secs] [Times: user=0.00 sys=0.00, real=0.00 secs] 
6.557: [CMS-concurrent-mark-start]
6.558: [Full GC (Allocation Failure) 6.558: [CMS6.563: [CMS-concurrent-mark: 0.005/0.006 secs] [Times: user=0.01 sys=0.00, real=0.01 secs] 
 (concurrent mode failure): 5119K->5119K(5120K), 0.0343898 secs] 9714K->9476K(9728K), [Metaspace: 29965K->29965K(1077248K)], 0.0344832 secs] [Times: user=0.03 sys=0.00, real=0.04 secs] 
6.594: [Full GC (Allocation Failure) 6.594: [CMS: 5119K->5120K(5120K), 0.0317215 secs] 9727K->9456K(9728K), [Metaspace: 30003K->30003K(1077248K)], 0.0318207 secs] [Times: user=0.04 sys=0.00, real=0.03 secs] 
6.626: [GC (CMS Initial Mark) [1 CMS-initial-mark: 5120K(5120K)] 9459K(9728K), 0.0035950 secs] [Times: user=0.00 sys=0.00, real=0.00 secs] 
6.630: [CMS-concurrent-mark-start]
6.631: [Full GC (Allocation Failure) 6.631: [CMS6.636: [CMS-concurrent-mark: 0.005/0.006 secs] [Times: user=0.01 sys=0.00, real=0.01 secs] 
 (concurrent mode failure): 5120K->5120K(5120K), 0.0337492 secs] 9726K->9470K(9728K), [Metaspace: 30027K->30027K(1077248K)], 0.0338437 secs] [Times: user=0.03 sys=0.00, real=0.03 secs] 
6.667: [Full GC (Allocation Failure) 6.667: [CMS: 5120K->5120K(5120K), 0.0294493 secs] 9728K->9507K(9728K), [Metaspace: 30082K->30082K(1077248K)], 0.0295356 secs] [Times: user=0.03 sys=0.00, real=0.03 secs] 
6.697: [GC (CMS Initial Mark) [1 CMS-initial-mark: 5120K(5120K)] 9510K(9728K), 0.0035066 secs] [Times: user=0.01 sys=0.00, real=0.00 secs] 
6.701: [CMS-concurrent-mark-start]
6.702: [Full GC (Allocation Failure) 6.702: [CMS6.707: [CMS-concurrent-mark: 0.005/0.006 secs] [Times: user=0.01 sys=0.01, real=0.01 secs] 
 (concurrent mode failure): 5120K->5120K(5120K), 0.0367878 secs] 9727K->9467K(9728K), [Metaspace: 30121K->30121K(1077248K)], 0.0368800 secs] [Times: user=0.04 sys=0.00, real=0.03 secs] 
6.741: [Full GC (Allocation Failure) 6.741: [CMS: 5120K->5120K(5120K), 0.0332502 secs] 9727K->9486K(9728K), [Metaspace: 30137K->30137K(1077248K)], 0.0333505 secs] [Times: user=0.03 sys=0.00, real=0.03 secs] 
6.775: [GC (CMS Initial Mark) [1 CMS-initial-mark: 5120K(5120K)] 9489K(9728K), 0.0035175 secs] [Times: user=0.01 sys=0.00, real=0.00 secs] 
6.778: [CMS-concurrent-mark-start]
6.781: [Full GC (Allocation Failure) 6.781: [CMS6.785: [CMS-concurrent-mark: 0.005/0.006 secs] [Times: user=0.01 sys=0.00, real=0.01 secs] 
 (concurrent mode failure): 5120K->5120K(5120K), 0.0378968 secs] 9727K->9511K(9728K), [Metaspace: 30138K->30138K(1077248K)], 0.0380065 secs] [Times: user=0.03 sys=0.00, real=0.03 secs] 
6.822: [Full GC (Allocation Failure) 6.822: [CMS: 5120K->5120K(5120K), 0.0322017 secs] 9727K->9524K(9728K), [Metaspace: 30145K->30145K(1077248K)], 0.0323126 secs] [Times: user=0.03 sys=0.00, real=0.03 secs] 
6.855: [GC (CMS Initial Mark) [1 CMS-initial-mark: 5120K(5120K)] 9525K(9728K), 0.0042611 secs] [Times: user=0.00 sys=0.00, real=0.00 secs] 
6.859: [CMS-concurrent-mark-start]
6.861: [Full GC (Allocation Failure) 6.861: [CMS6.866: [CMS-concurrent-mark: 0.005/0.007 secs] [Times: user=0.02 sys=0.00, real=0.01 secs] 
 (concurrent mode failure): 5120K->5120K(5120K), 0.0406922 secs] 9727K->9441K(9728K), [Metaspace: 30145K->30145K(1077248K)], 0.0408084 secs] [Times: user=0.04 sys=0.00, real=0.04 secs] 
6.904: [Full GC (Allocation Failure) 6.904: [CMS: 5120K->5120K(5120K), 0.0336769 secs] 9727K->9426K(9728K), [Metaspace: 30161K->30161K(1077248K)], 0.0337914 secs] [Times: user=0.03 sys=0.00, real=0.03 secs] 
6.938: [GC (CMS Initial Mark) [1 CMS-initial-mark: 5120K(5120K)] 9426K(9728K), 0.0040668 secs] [Times: user=0.01 sys=0.00, real=0.01 secs] 
6.942: [CMS-concurrent-mark-start]
6.946: [Full GC (Allocation Failure) 6.946: [CMS6.949: [CMS-concurrent-mark: 0.005/0.007 secs] [Times: user=0.01 sys=0.00, real=0.00 secs] 
 (concurrent mode failure): 5120K->5120K(5120K), 0.0393714 secs] 9728K->9494K(9728K), [Metaspace: 30176K->30176K(1077248K)], 0.0394728 secs] [Times: user=0.04 sys=0.00, real=0.04 secs] 
6.987: [Full GC (Allocation Failure) 6.987: [CMS: 5120K->5120K(5120K), 0.0335101 secs] 9727K->9463K(9728K), [Metaspace: 30180K->30180K(1077248K)], 0.0336386 secs] [Times: user=0.04 sys=0.00, real=0.03 secs] 
7.021: [GC (CMS Initial Mark) [1 CMS-initial-mark: 5120K(5120K)] 9463K(9728K), 0.0038607 secs] [Times: user=0.00 sys=0.00, real=0.00 secs] 
7.025: [CMS-concurrent-mark-start]
7.027: [Full GC (Allocation Failure) 7.027: [CMS7.031: [CMS-concurrent-mark: 0.005/0.006 secs] [Times: user=0.02 sys=0.00, real=0.01 secs] 
 (concurrent mode failure): 5120K->5120K(5120K), 0.0382780 secs] 9727K->9422K(9728K), [Metaspace: 30181K->30181K(1077248K)], 0.0383922 secs] [Times: user=0.04 sys=0.01, real=0.04 secs] 
7.067: [Full GC (Allocation Failure) 7.067: [CMS: 5120K->5120K(5120K), 0.0323338 secs] 9727K->9418K(9728K), [Metaspace: 30189K->30189K(1077248K)], 0.0324355 secs] [Times: user=0.03 sys=0.00, real=0.03 secs] 
7.100: [GC (CMS Initial Mark) [1 CMS-initial-mark: 5120K(5120K)] 9418K(9728K), 0.0036921 secs] [Times: user=0.01 sys=0.00, real=0.01 secs] 
7.103: [CMS-concurrent-mark-start]
7.106: [Full GC (Allocation Failure) 7.106: [CMS7.110: [CMS-concurrent-mark: 0.005/0.006 secs] [Times: user=0.02 sys=0.00, real=0.00 secs] 
 (concurrent mode failure): 5120K->5120K(5120K), 0.0374202 secs] 9728K->9475K(9728K), [Metaspace: 30199K->30199K(1077248K)], 0.0375181 secs] [Times: user=0.04 sys=0.00, real=0.04 secs] 
7.146: [Full GC (Allocation Failure) 7.146: [CMS: 5120K->5120K(5120K), 0.0321193 secs] 9727K->9476K(9728K), [Metaspace: 30212K->30212K(1077248K)], 0.0322311 secs] [Times: user=0.04 sys=0.00, real=0.03 secs] 
7.178: [GC (CMS Initial Mark) [1 CMS-initial-mark: 5120K(5120K)] 9477K(9728K), 0.0037248 secs] [Times: user=0.00 sys=0.00, real=0.01 secs] 
7.182: [CMS-concurrent-mark-start]
7.185: [Full GC (Allocation Failure) 7.185: [CMS7.188: [CMS-concurrent-mark: 0.005/0.006 secs] [Times: user=0.01 sys=0.00, real=0.00 secs] 
 (concurrent mode failure): 5120K->5120K(5120K), 0.0362566 secs] 9727K->9517K(9728K), [Metaspace: 30191K->30191K(1077248K)], 0.0363626 secs] [Times: user=0.04 sys=0.00, real=0.04 secs] 
7.225: [Full GC (Allocation Failure) 7.225: [CMS: 5120K->5120K(5120K), 0.0315459 secs] 9727K->9550K(9728K), [Metaspace: 30176K->30176K(1077248K)], 0.0316386 secs] [Times: user=0.03 sys=0.00, real=0.03 secs] 
7.257: [GC (CMS Initial Mark) [1 CMS-initial-mark: 5120K(5120K)] 9557K(9728K), 0.0037855 secs] [Times: user=0.01 sys=0.00, real=0.00 secs] 
7.261: [CMS-concurrent-mark-start]
7.263: [Full GC (Allocation Failure) 7.263: [CMS7.267: [CMS-concurrent-mark: 0.005/0.006 secs] [Times: user=0.01 sys=0.00, real=0.01 secs] 
 (concurrent mode failure): 5120K->5120K(5120K), 0.0355221 secs] 9726K->9515K(9728K), [Metaspace: 30185K->30185K(1077248K)], 0.0356231 secs] [Times: user=0.04 sys=0.00, real=0.03 secs] 
7.300: [Full GC (Allocation Failure) 7.300: [CMS: 5120K->5120K(5120K), 0.0295547 secs] 9727K->9472K(9728K), [Metaspace: 30190K->30190K(1077248K)], 0.0296516 secs] [Times: user=0.03 sys=0.00, real=0.03 secs] 
7.330: [GC (CMS Initial Mark) [1 CMS-initial-mark: 5120K(5120K)] 9472K(9728K), 0.0037636 secs] [Times: user=0.00 sys=0.00, real=0.01 secs] 
7.333: [CMS-concurrent-mark-start]
7.338: [Full GC (Allocation Failure) 7.338: [CMS7.339: [CMS-concurrent-mark: 0.005/0.006 secs] [Times: user=0.02 sys=0.00, real=0.00 secs] 
 (concurrent mode failure): 5120K->5119K(5120K), 0.0349443 secs] 9727K->9488K(9728K), [Metaspace: 30215K->30215K(1077248K)], 0.0350394 secs] [Times: user=0.03 sys=0.00, real=0.04 secs] 
7.376: [Full GC (Allocation Failure) 7.376: [CMS: 5119K->5119K(5120K), 0.0334342 secs] 9727K->9526K(9728K), [Metaspace: 30230K->30230K(1077248K)], 0.0335273 secs] [Times: user=0.04 sys=0.00, real=0.03 secs] 
7.409: [GC (CMS Initial Mark) [1 CMS-initial-mark: 5119K(5120K)] 9527K(9728K), 0.0037461 secs] [Times: user=0.00 sys=0.00, real=0.01 secs] 
7.413: [CMS-concurrent-mark-start]
7.415: [Full GC (Allocation Failure) 7.415: [CMS7.419: [CMS-concurrent-mark: 0.005/0.006 secs] [Times: user=0.01 sys=0.00, real=0.00 secs] 
 (concurrent mode failure): 5119K->5119K(5120K), 0.0343779 secs] 9726K->9518K(9728K), [Metaspace: 30248K->30248K(1077248K)], 0.0344698 secs] [Times: user=0.04 sys=0.00, real=0.03 secs] 
7.451: [Full GC (Allocation Failure) 7.451: [CMS: 5119K->5119K(5120K), 0.0294026 secs] 9727K->9511K(9728K), [Metaspace: 30265K->30265K(1077248K)], 0.0294874 secs] [Times: user=0.03 sys=0.00, real=0.02 secs] 
7.480: [GC (CMS Initial Mark) [1 CMS-initial-mark: 5119K(5120K)] 9511K(9728K), 0.0035349 secs] [Times: user=0.01 sys=0.00, real=0.01 secs] 
7.484: [CMS-concurrent-mark-start]
7.486: [Full GC (Allocation Failure) 7.486: [CMS7.490: [CMS-concurrent-mark: 0.005/0.006 secs] [Times: user=0.01 sys=0.01, real=0.00 secs] 
 (concurrent mode failure): 5120K->5120K(5120K), 0.0342678 secs] 9728K->9526K(9728K), [Metaspace: 30281K->30281K(1077248K)], 0.0343695 secs] [Times: user=0.04 sys=0.01, real=0.03 secs] 
7.522: [Full GC (Allocation Failure) 7.522: [CMS: 5120K->5119K(5120K), 0.0315216 secs] 9727K->9518K(9728K), [Metaspace: 30288K->30288K(1077248K)], 0.0316102 secs] [Times: user=0.03 sys=0.00, real=0.03 secs] 
7.554: [GC (CMS Initial Mark) [1 CMS-initial-mark: 5119K(5120K)] 9523K(9728K), 0.0037329 secs] [Times: user=0.00 sys=0.00, real=0.00 secs] 
7.557: [CMS-concurrent-mark-start]
7.559: [Full GC (Allocation Failure) 7.559: [CMS7.563: [CMS-concurrent-mark: 0.005/0.006 secs] [Times: user=0.02 sys=0.00, real=0.01 secs] 
 (concurrent mode failure): 5119K->5119K(5120K), 0.0365207 secs] 9727K->9554K(9728K), [Metaspace: 30295K->30295K(1077248K)], 0.0366159 secs] [Times: user=0.04 sys=0.00, real=0.04 secs] 
7.598: [Full GC (Allocation Failure) 7.598: [CMS: 5120K->5119K(5120K), 0.0312300 secs] 9727K->9596K(9728K), [Metaspace: 30301K->30301K(1077248K)], 0.0313228 secs] [Times: user=0.03 sys=0.00, real=0.03 secs] 
7.630: [GC (CMS Initial Mark) [1 CMS-initial-mark: 5119K(5120K)] 9596K(9728K), 0.0035327 secs] [Times: user=0.01 sys=0.00, real=0.01 secs] 
7.633: [CMS-concurrent-mark-start]
7.635: [Full GC (Allocation Failure) 7.635: [CMS7.639: [CMS-concurrent-mark: 0.005/0.006 secs] [Times: user=0.01 sys=0.00, real=0.00 secs] 
 (concurrent mode failure): 5120K->5119K(5120K), 0.0349489 secs] 9728K->9527K(9728K), [Metaspace: 30304K->30304K(1077248K)], 0.0350552 secs] [Times: user=0.04 sys=0.00, real=0.03 secs] 
7.672: [Full GC (Allocation Failure) 7.672: [CMS: 5119K->5119K(5120K), 0.0303690 secs] 9727K->9523K(9728K), [Metaspace: 30301K->30301K(1077248K)], 0.0304648 secs] [Times: user=0.03 sys=0.00, real=0.03 secs] 
7.703: [GC (CMS Initial Mark) [1 CMS-initial-mark: 5119K(5120K)] 9523K(9728K), 0.0035931 secs] [Times: user=0.01 sys=0.00, real=0.00 secs] 
7.707: [CMS-concurrent-mark-start]
7.709: [Full GC (Allocation Failure) 7.709: [CMS7.713: [CMS-concurrent-mark: 0.005/0.007 secs] [Times: user=0.01 sys=0.00, real=0.01 secs] 
 (concurrent mode failure): 5119K->5119K(5120K), 0.0384261 secs] 9727K->9541K(9728K), [Metaspace: 30312K->30312K(1077248K)], 0.0385213 secs] [Times: user=0.04 sys=0.00, real=0.04 secs] 
7.749: [Full GC (Allocation Failure) 7.749: [CMS: 5119K->5119K(5120K), 0.0315390 secs] 9727K->9542K(9728K), [Metaspace: 30321K->30321K(1077248K)], 0.0316423 secs] [Times: user=0.03 sys=0.00, real=0.03 secs] 
7.781: [GC (CMS Initial Mark) [1 CMS-initial-mark: 5119K(5120K)] 9553K(9728K), 0.0036848 secs] [Times: user=0.01 sys=0.00, real=0.00 secs] 
7.785: [CMS-concurrent-mark-start]
7.786: [Full GC (Allocation Failure) 7.786: [CMS7.791: [CMS-concurrent-mark: 0.005/0.006 secs] [Times: user=0.01 sys=0.00, real=0.01 secs] 
 (concurrent mode failure): 5119K->5119K(5120K), 0.0350633 secs] 9727K->9539K(9728K), [Metaspace: 30335K->30335K(1077248K)], 0.0351524 secs] [Times: user=0.04 sys=0.00, real=0.04 secs] 
7.823: [Full GC (Allocation Failure) 7.823: [CMS: 5119K->5119K(5120K), 0.0308368 secs] 9727K->9526K(9728K), [Metaspace: 30343K->30343K(1077248K)], 0.0309995 secs] [Times: user=0.03 sys=0.00, real=0.03 secs] 
7.854: [GC (CMS Initial Mark) [1 CMS-initial-mark: 5119K(5120K)] 9526K(9728K), 0.0036100 secs] [Times: user=0.01 sys=0.00, real=0.00 secs] 
7.858: [CMS-concurrent-mark-start]
7.859: [Full GC (Allocation Failure) 7.859: [CMS7.864: [CMS-concurrent-mark: 0.005/0.006 secs] [Times: user=0.01 sys=0.00, real=0.01 secs] 
 (concurrent mode failure): 5119K->5119K(5120K), 0.0383502 secs] 9727K->9550K(9728K), [Metaspace: 30357K->30357K(1077248K)], 0.0384475 secs] [Times: user=0.04 sys=0.00, real=0.04 secs] 
7.899: [Full GC (Allocation Failure) 7.899: [CMS: 5119K->5119K(5120K), 0.0319020 secs] 9726K->9547K(9728K), [Metaspace: 30366K->30366K(1077248K)], 0.0320036 secs] [Times: user=0.03 sys=0.00, real=0.03 secs] 
7.931: [GC (CMS Initial Mark) [1 CMS-initial-mark: 5119K(5120K)] 9551K(9728K), 0.0035934 secs] [Times: user=0.00 sys=0.00, real=0.00 secs] 
7.935: [CMS-concurrent-mark-start]
7.935: [Full GC (Allocation Failure) 7.935: [CMS7.941: [CMS-concurrent-mark: 0.005/0.006 secs] [Times: user=0.02 sys=0.00, real=0.00 secs] 
 (concurrent mode failure): 5119K->5119K(5120K), 0.0360805 secs] 9727K->9569K(9728K), [Metaspace: 30371K->30371K(1077248K)], 0.0361764 secs] [Times: user=0.04 sys=0.00, real=0.04 secs] 
7.973: [Full GC (Allocation Failure) 7.973: [CMS: 5119K->5119K(5120K), 0.0310139 secs] 9722K->9579K(9728K), [Metaspace: 30388K->30388K(1077248K)], 0.0311088 secs] [Times: user=0.03 sys=0.00, real=0.03 secs] 
8.004: [GC (CMS Initial Mark) [1 CMS-initial-mark: 5119K(5120K)] 9593K(9728K), 0.0035571 secs] [Times: user=0.00 sys=0.00, real=0.00 secs] 
8.008: [CMS-concurrent-mark-start]
8.009: [Full GC (Allocation Failure) 8.009: [CMS8.014: [CMS-concurrent-mark: 0.005/0.006 secs] [Times: user=0.02 sys=0.00, real=0.01 secs] 
 (concurrent mode failure): 5119K->5119K(5120K), 0.0358252 secs] 9727K->9547K(9728K), [Metaspace: 30415K->30415K(1077248K)], 0.0359013 secs] [Times: user=0.04 sys=0.00, real=0.04 secs] 
8.046: [Full GC (Allocation Failure) 8.046: [CMS: 5119K->5119K(5120K), 0.0301203 secs] 9726K->9561K(9728K), [Metaspace: 30426K->30426K(1077248K)], 0.0302169 secs] [Times: user=0.03 sys=0.00, real=0.03 secs] 
8.076: [GC (CMS Initial Mark) [1 CMS-initial-mark: 5119K(5120K)] 9564K(9728K), 0.0038803 secs] [Times: user=0.01 sys=0.00, real=0.00 secs] 
8.080: [CMS-concurrent-mark-start]
8.082: [Full GC (Allocation Failure) 8.082: [CMS8.087: [CMS-concurrent-mark: 0.005/0.006 secs] [Times: user=0.01 sys=0.00, real=0.01 secs] 
 (concurrent mode failure): 5119K->5119K(5120K), 0.0349058 secs] 9727K->9553K(9728K), [Metaspace: 30445K->30445K(1077248K)], 0.0350168 secs] [Times: user=0.03 sys=0.00, real=0.03 secs] 
8.118: [Full GC (Allocation Failure) 8.118: [CMS: 5119K->5119K(5120K), 0.0313307 secs] 9724K->9569K(9728K), [Metaspace: 30458K->30458K(1077248K)], 0.0314281 secs] [Times: user=0.03 sys=0.00, real=0.03 secs] 
8.150: [GC (CMS Initial Mark) [1 CMS-initial-mark: 5119K(5120K)] 9577K(9728K), 0.0035349 secs] [Times: user=0.00 sys=0.00, real=0.01 secs] 
8.153: [CMS-concurrent-mark-start]
8.155: [Full GC (Allocation Failure) 8.155: [CMS8.159: [CMS-concurrent-mark: 0.005/0.006 secs] [Times: user=0.01 sys=0.00, real=0.00 secs] 
 (concurrent mode failure): 5119K->5119K(5120K), 0.0357537 secs] 9727K->9551K(9728K), [Metaspace: 30461K->30461K(1077248K)], 0.0358656 secs] [Times: user=0.04 sys=0.00, real=0.03 secs] 
8.192: [Full GC (Allocation Failure) 8.192: [CMS: 5119K->5119K(5120K), 0.0303504 secs] 9727K->9520K(9728K), [Metaspace: 30439K->30439K(1077248K)], 0.0304420 secs] [Times: user=0.03 sys=0.00, real=0.03 secs] 
8.222: [GC (CMS Initial Mark) [1 CMS-initial-mark: 5119K(5120K)] 9520K(9728K), 0.0036071 secs] [Times: user=0.00 sys=0.00, real=0.00 secs] 
8.226: [CMS-concurrent-mark-start]
8.227: [Full GC (Allocation Failure) 8.227: [CMS8.232: [CMS-concurrent-mark: 0.005/0.006 secs] [Times: user=0.01 sys=0.00, real=0.01 secs] 
 (concurrent mode failure): 5119K->5119K(5120K), 0.0353715 secs] 9727K->9548K(9728K), [Metaspace: 30445K->30445K(1077248K)], 0.0354617 secs] [Times: user=0.04 sys=0.00, real=0.04 secs] 
8.263: [Full GC (Allocation Failure) 8.263: [CMS: 5119K->5119K(5120K), 0.0296564 secs] 9727K->9543K(9728K), [Metaspace: 30445K->30445K(1077248K)], 0.0297406 secs] [Times: user=0.03 sys=0.00, real=0.03 secs] 
8.293: [GC (CMS Initial Mark) [1 CMS-initial-mark: 5119K(5120K)] 9560K(9728K), 0.0038043 secs] [Times: user=0.01 sys=0.00, real=0.00 secs] 
8.296: [CMS-concurrent-mark-start]
8.297: [Full GC (Allocation Failure) 8.297: [CMS8.302: [CMS-concurrent-mark: 0.004/0.006 secs] [Times: user=0.00 sys=0.00, real=0.01 secs] 
 (concurrent mode failure): 5119K->5119K(5120K), 0.0353324 secs] 9723K->9541K(9728K), [Metaspace: 30445K->30445K(1077248K)], 0.0354189 secs] [Times: user=0.03 sys=0.00, real=0.04 secs] 
8.332: [Full GC (Allocation Failure) 8.332: [CMS: 5119K->5119K(5120K), 0.0337931 secs] 9720K->9542K(9728K), [Metaspace: 30445K->30445K(1077248K)], 0.0338638 secs] [Times: user=0.04 sys=0.01, real=0.03 secs] 
8.366: [GC (CMS Initial Mark) [1 CMS-initial-mark: 5119K(5120K)] 9578K(9728K), 0.0037711 secs] [Times: user=0.00 sys=0.00, real=0.00 secs] 
8.370: [CMS-concurrent-mark-start]
8.371: [Full GC (Allocation Failure) 8.371: [CMS8.376: [CMS-concurrent-mark: 0.005/0.006 secs] [Times: user=0.01 sys=0.00, real=0.01 secs] 
 (concurrent mode failure): 5119K->5119K(5120K), 0.0424449 secs] 9727K->9554K(9728K), [Metaspace: 30447K->30447K(1077248K)], 0.0425299 secs] [Times: user=0.05 sys=0.00, real=0.05 secs] 
8.415: [Full GC (Allocation Failure) 8.415: [CMS: 5119K->5119K(5120K), 0.0315992 secs] 9727K->9546K(9728K), [Metaspace: 30464K->30464K(1077248K)], 0.0316825 secs] [Times: user=0.03 sys=0.00, real=0.03 secs] 
8.446: [GC (CMS Initial Mark) [1 CMS-initial-mark: 5119K(5120K)] 9547K(9728K), 0.0038372 secs] [Times: user=0.00 sys=0.00, real=0.00 secs] 
8.450: [CMS-concurrent-mark-start]
8.451: [Full GC (Allocation Failure) 8.451: [CMS8.456: [CMS-concurrent-mark: 0.005/0.006 secs] [Times: user=0.01 sys=0.00, real=0.01 secs] 
 (concurrent mode failure): 5119K->5119K(5120K), 0.0372479 secs] 9726K->9528K(9728K), [Metaspace: 30473K->30473K(1077248K)], 0.0373313 secs] [Times: user=0.04 sys=0.00, real=0.03 secs] 
8.490: [Full GC (Allocation Failure) 8.490: [CMS: 5119K->5119K(5120K), 0.0325556 secs] 9727K->9533K(9728K), [Metaspace: 30486K->30486K(1077248K)], 0.0326514 secs] [Times: user=0.03 sys=0.00, real=0.04 secs] 
8.523: [GC (CMS Initial Mark) [1 CMS-initial-mark: 5119K(5120K)] 9534K(9728K), 0.0036390 secs] [Times: user=0.00 sys=0.00, real=0.00 secs] 
8.527: [CMS-concurrent-mark-start]
8.528: [Full GC (Allocation Failure) 8.528: [CMS8.533: [CMS-concurrent-mark: 0.005/0.006 secs] [Times: user=0.01 sys=0.00, real=0.01 secs] 
 (concurrent mode failure): 5119K->5119K(5120K), 0.0410208 secs] 9717K->9555K(9728K), [Metaspace: 30495K->30495K(1077248K)], 0.0411106 secs] [Times: user=0.04 sys=0.00, real=0.04 secs] 
8.571: [Full GC (Allocation Failure) 8.571: [CMS: 5119K->5119K(5120K), 0.0322813 secs] 9727K->9532K(9728K), [Metaspace: 30510K->30510K(1077248K)], 0.0323765 secs] [Times: user=0.03 sys=0.00, real=0.03 secs] 
8.604: [GC (CMS Initial Mark) [1 CMS-initial-mark: 5119K(5120K)] 9536K(9728K), 0.0035224 secs] [Times: user=0.01 sys=0.00, real=0.00 secs] 
8.607: [CMS-concurrent-mark-start]
8.609: [Full GC (Allocation Failure) 8.609: [CMS8.614: [CMS-concurrent-mark: 0.005/0.006 secs] [Times: user=0.01 sys=0.00, real=0.01 secs] 
 (concurrent mode failure): 5119K->5119K(5120K), 0.0363158 secs] 9727K->9543K(9728K), [Metaspace: 30522K->30522K(1077248K)], 0.0364094 secs] [Times: user=0.04 sys=0.00, real=0.04 secs] 
8.648: [Full GC (Allocation Failure) 8.648: [CMS: 5119K->5119K(5120K), 0.0335993 secs] 9727K->9590K(9728K), [Metaspace: 30527K->30527K(1077248K)], 0.0336902 secs] [Times: user=0.04 sys=0.00, real=0.04 secs] 
8.682: [GC (CMS Initial Mark) [1 CMS-initial-mark: 5119K(5120K)] 9590K(9728K), 0.0036937 secs] [Times: user=0.00 sys=0.00, real=0.00 secs] 
8.685: [CMS-concurrent-mark-start]
8.687: [Full GC (Allocation Failure) 8.687: [CMS8.692: [CMS-concurrent-mark: 0.005/0.006 secs] [Times: user=0.01 sys=0.00, real=0.01 secs] 
 (concurrent mode failure): 5119K->5119K(5120K), 0.0369931 secs] 9727K->9561K(9728K), [Metaspace: 30527K->30527K(1077248K)], 0.0370928 secs] [Times: user=0.04 sys=0.00, real=0.04 secs] 
8.725: [Full GC (Allocation Failure) 8.725: [CMS: 5119K->5119K(5120K), 0.0337595 secs] 9720K->9570K(9728K), [Metaspace: 30554K->30554K(1077248K)], 0.0338498 secs] [Times: user=0.03 sys=0.00, real=0.03 secs] 
8.759: [GC (CMS Initial Mark) [1 CMS-initial-mark: 5119K(5120K)] 9578K(9728K), 0.0038675 secs] [Times: user=0.00 sys=0.00, real=0.01 secs] 
8.763: [CMS-concurrent-mark-start]
8.764: [Full GC (Allocation Failure) 8.764: [CMS8.770: [CMS-concurrent-mark: 0.005/0.006 secs] [Times: user=0.02 sys=0.00, real=0.00 secs] 
 (concurrent mode failure): 5119K->5119K(5120K), 0.0399623 secs] 9727K->9561K(9728K), [Metaspace: 30564K->30564K(1077248K)], 0.0400579 secs] [Times: user=0.04 sys=0.00, real=0.04 secs] 
8.805: [Full GC (Allocation Failure) 8.805: [CMS: 5119K->5119K(5120K), 0.0349282 secs] 9727K->9560K(9728K), [Metaspace: 30577K->30577K(1077248K)], 0.0350258 secs] [Times: user=0.04 sys=0.00, real=0.03 secs] 
8.841: [GC (CMS Initial Mark) [1 CMS-initial-mark: 5119K(5120K)] 9561K(9728K), 0.0038604 secs] [Times: user=0.00 sys=0.00, real=0.01 secs] 
8.845: [CMS-concurrent-mark-start]
8.846: [Full GC (Allocation Failure) 8.846: [CMS8.851: [CMS-concurrent-mark: 0.005/0.007 secs] [Times: user=0.02 sys=0.00, real=0.01 secs] 
 (concurrent mode failure): 5119K->5119K(5120K), 0.0373261 secs] 9727K->9558K(9728K), [Metaspace: 30578K->30578K(1077248K)], 0.0374199 secs] [Times: user=0.04 sys=0.00, real=0.04 secs] 
8.885: [Full GC (Allocation Failure) 8.885: [CMS: 5119K->5119K(5120K), 0.0387969 secs] 9727K->9557K(9728K), [Metaspace: 30586K->30586K(1077248K)], 0.0388942 secs] [Times: user=0.04 sys=0.00, real=0.04 secs] 
8.924: [GC (CMS Initial Mark) [1 CMS-initial-mark: 5119K(5120K)] 9558K(9728K), 0.0036219 secs] [Times: user=0.00 sys=0.00, real=0.00 secs] 
8.927: [CMS-concurrent-mark-start]
8.929: [Full GC (Allocation Failure) 8.929: [CMS8.934: [CMS-concurrent-mark: 0.005/0.006 secs] [Times: user=0.02 sys=0.00, real=0.01 secs] 
 (concurrent mode failure): 5119K->5119K(5120K), 0.0382894 secs] 9727K->9610K(9728K), [Metaspace: 30594K->30594K(1077248K)], 0.0383954 secs] [Times: user=0.04 sys=0.00, real=0.04 secs] 
8.969: [Full GC (Allocation Failure) 8.969: [CMS: 5119K->5119K(5120K), 0.0334459 secs] 9727K->9583K(9728K), [Metaspace: 30594K->30594K(1077248K)], 0.0335744 secs] [Times: user=0.04 sys=0.00, real=0.04 secs] 
9.003: [GC (CMS Initial Mark) [1 CMS-initial-mark: 5119K(5120K)] 9584K(9728K), 0.0037044 secs] [Times: user=0.00 sys=0.00, real=0.00 secs] 
9.007: [CMS-concurrent-mark-start]
9.008: [Full GC (Allocation Failure) 9.008: [CMS9.013: [CMS-concurrent-mark: 0.005/0.006 secs] [Times: user=0.01 sys=0.00, real=0.01 secs] 
 (concurrent mode failure): 5119K->5119K(5120K), 0.0377207 secs] 9727K->9563K(9728K), [Metaspace: 30594K->30594K(1077248K)], 0.0378222 secs] [Times: user=0.04 sys=0.00, real=0.04 secs] 
9.048: [Full GC (Allocation Failure) 9.048: [CMS: 5119K->5119K(5120K), 0.0341171 secs] 9727K->9621K(9728K), [Metaspace: 30604K->30604K(1077248K)], 0.0342821 secs] [Times: user=0.03 sys=0.00, real=0.04 secs] 
9.082: [GC (CMS Initial Mark) [1 CMS-initial-mark: 5119K(5120K)] 9624K(9728K), 0.0034761 secs] [Times: user=0.01 sys=0.00, real=0.00 secs] 
9.086: [CMS-concurrent-mark-start]
9.086: [Full GC (Allocation Failure) 9.086: [CMS9.091: [CMS-concurrent-mark: 0.005/0.006 secs] [Times: user=0.01 sys=0.00, real=0.01 secs] 
 (concurrent mode failure): 5119K->5119K(5120K), 0.0367125 secs] 9727K->9614K(9728K), [Metaspace: 30608K->30608K(1077248K)], 0.0368033 secs] [Times: user=0.04 sys=0.00, real=0.04 secs] 
9.124: [Full GC (Allocation Failure) 9.124: [CMS: 5119K->5119K(5120K), 0.0333013 secs] 9727K->9628K(9728K), [Metaspace: 30611K->30611K(1077248K)], 0.0334017 secs] [Times: user=0.03 sys=0.01, real=0.03 secs] 
9.158: [GC (CMS Initial Mark) [1 CMS-initial-mark: 5119K(5120K)] 9629K(9728K), 0.0038963 secs] [Times: user=0.01 sys=0.00, real=0.01 secs] 
9.162: [CMS-concurrent-mark-start]
9.162: [Full GC (Allocation Failure) 9.162: [CMS9.168: [CMS-concurrent-mark: 0.005/0.006 secs] [Times: user=0.01 sys=0.00, real=0.00 secs] 
 (concurrent mode failure): 5120K->5120K(5120K), 0.0376816 secs] 9727K->9670K(9728K), [Metaspace: 30611K->30611K(1077248K)], 0.0377721 secs] [Times: user=0.04 sys=0.00, real=0.03 secs] 
9.201: [Full GC (Allocation Failure) 9.201: [CMS: 5120K->5120K(5120K), 0.0339178 secs] 9728K->9702K(9728K), [Metaspace: 30615K->30615K(1077248K)], 0.0340071 secs] [Times: user=0.04 sys=0.00, real=0.03 secs] 
9.235: [GC (CMS Initial Mark) [1 CMS-initial-mark: 5120K(5120K)] 9702K(9728K), 0.0036983 secs] [Times: user=0.00 sys=0.00, real=0.00 secs] 
9.239: [CMS-concurrent-mark-start]
9.239: [Full GC (Allocation Failure) 9.239: [CMS9.244: [CMS-concurrent-mark: 0.004/0.006 secs] [Times: user=0.01 sys=0.00, real=0.01 secs] 
 (concurrent mode failure): 5120K->5120K(5120K), 0.0367264 secs] 9727K->9708K(9728K), [Metaspace: 30615K->30615K(1077248K)], 0.0368117 secs] [Times: user=0.04 sys=0.00, real=0.04 secs] 
9.276: [Full GC (Allocation Failure) 9.276: [CMS: 5120K->5119K(5120K), 0.0322278 secs] 9727K->9714K(9728K), [Metaspace: 30615K->30615K(1077248K)], 0.0323825 secs] [Times: user=0.03 sys=0.00, real=0.03 secs] 
9.309: [GC (CMS Initial Mark) [1 CMS-initial-mark: 5119K(5120K)] 9715K(9728K), 0.0037651 secs] [Times: user=0.01 sys=0.00, real=0.01 secs] 
9.313: [CMS-concurrent-mark-start]
9.313: [Full GC (Allocation Failure) 9.313: [CMS9.319: [CMS-concurrent-mark: 0.005/0.006 secs] [Times: user=0.01 sys=0.00, real=0.00 secs] 
 (concurrent mode failure): 5119K->5119K(5120K), 0.0370536 secs] 9727K->9717K(9728K), [Metaspace: 30614K->30614K(1077248K)], 0.0371921 secs] [Times: user=0.04 sys=0.00, real=0.03 secs] 
9.350: [Full GC (Allocation Failure) 9.350: [CMS: 5119K->5119K(5120K), 0.0316985 secs] 9727K->9721K(9728K), [Metaspace: 30615K->30615K(1077248K)], 0.0317728 secs] [Times: user=0.03 sys=0.00, real=0.04 secs] 
9.382: [GC (CMS Initial Mark) [1 CMS-initial-mark: 5119K(5120K)] 9721K(9728K), 0.0034975 secs] [Times: user=0.01 sys=0.00, real=0.00 secs] 
9.386: [CMS-concurrent-mark-start]
9.386: [Full GC (Allocation Failure) 9.386: [CMS9.392: [CMS-concurrent-mark: 0.005/0.006 secs] [Times: user=0.01 sys=0.00, real=0.01 secs] 
 (concurrent mode failure): 5119K->5119K(5120K), 0.0407542 secs] 9727K->9726K(9728K), [Metaspace: 30615K->30615K(1077248K)], 0.0408486 secs] [Times: user=0.04 sys=0.00, real=0.04 secs] 
9.427: [Full GC (Allocation Failure) 9.427: [CMS: 5120K->5120K(5120K), 0.0296623 secs] 9727K->9727K(9728K), [Metaspace: 30615K->30615K(1077248K)], 0.0297409 secs] [Times: user=0.03 sys=0.00, real=0.03 secs] 
9.457: [Full GC (Allocation Failure) 9.457: [CMS: 5120K->5120K(5120K), 0.0298348 secs] 9727K->9727K(9728K), [Metaspace: 30615K->30615K(1077248K)], 0.0298993 secs] [Times: user=0.03 sys=0.00, real=0.03 secs] 
9.487: [GC (CMS Initial Mark) [1 CMS-initial-mark: 5120K(5120K)] 9727K(9728K), 0.0035240 secs] [Times: user=0.00 sys=0.00, real=0.01 secs] 
9.491: [CMS-concurrent-mark-start]
9.491: [Full GC (Allocation Failure) 9.491: [CMS9.497: [CMS-concurrent-mark: 0.005/0.006 secs] [Times: user=0.00 sys=0.00, real=0.00 secs] 
 (concurrent mode failure): 5120K->5119K(5120K), 0.0438959 secs] 9727K->9719K(9728K), [Metaspace: 30615K->30615K(1077248K)], 0.0439823 secs] [Times: user=0.04 sys=0.00, real=0.04 secs] 
9.535: [Full GC (Allocation Failure) 9.535: [CMS: 5120K->5120K(5120K), 0.0309536 secs] 9727K->9723K(9728K), [Metaspace: 30611K->30611K(1077248K)], 0.0310441 secs] [Times: user=0.03 sys=0.00, real=0.03 secs] 
9.566: [GC (CMS Initial Mark) [1 CMS-initial-mark: 5120K(5120K)] 9723K(9728K), 0.0036308 secs] [Times: user=0.01 sys=0.00, real=0.00 secs] 
9.570: [CMS-concurrent-mark-start]
9.570: [Full GC (Allocation Failure) 9.570: [CMS9.576: [CMS-concurrent-mark: 0.005/0.006 secs] [Times: user=0.01 sys=0.00, real=0.01 secs] 
 (concurrent mode failure): 5120K->5119K(5120K), 0.0392543 secs] 9727K->9704K(9728K), [Metaspace: 30611K->30611K(1077248K)], 0.0393555 secs] [Times: user=0.04 sys=0.00, real=0.04 secs] 
9.610: [Full GC (Allocation Failure) 9.610: [CMS: 5120K->5120K(5120K), 0.0322880 secs] 9727K->9716K(9728K), [Metaspace: 30584K->30584K(1077248K)], 0.0323686 secs] [Times: user=0.03 sys=0.00, real=0.04 secs] 
9.643: [GC (CMS Initial Mark) [1 CMS-initial-mark: 5120K(5120K)] 9716K(9728K), 0.0037566 secs] [Times: user=0.01 sys=0.00, real=0.00 secs] 
9.646: [CMS-concurrent-mark-start]
9.647: [Full GC (Allocation Failure) 9.647: [CMS9.652: [CMS-concurrent-mark: 0.005/0.006 secs] [Times: user=0.01 sys=0.00, real=0.01 secs] 
 (concurrent mode failure): 5120K->5119K(5120K), 0.0388861 secs] 9726K->9721K(9728K), [Metaspace: 30584K->30584K(1077248K)], 0.0389581 secs] [Times: user=0.04 sys=0.00, real=0.04 secs] 
9.686: [Full GC (Allocation Failure) 9.686: [CMS: 5119K->5119K(5120K), 0.0328326 secs] 9727K->9724K(9728K), [Metaspace: 30584K->30584K(1077248K)], 0.0329010 secs] [Times: user=0.03 sys=0.01, real=0.03 secs] 
9.719: [GC (CMS Initial Mark) [1 CMS-initial-mark: 5119K(5120K)] 9725K(9728K), 0.0041732 secs] [Times: user=0.01 sys=0.00, real=0.01 secs] 
9.723: [CMS-concurrent-mark-start]
9.723: [Full GC (Allocation Failure) 9.723: [CMS9.729: [CMS-concurrent-mark: 0.005/0.006 secs] [Times: user=0.01 sys=0.00, real=0.00 secs] 
 (concurrent mode failure): 5119K->5119K(5120K), 0.0389925 secs] 9727K->9726K(9728K), [Metaspace: 30584K->30584K(1077248K)], 0.0390755 secs] [Times: user=0.04 sys=0.00, real=0.04 secs] 
9.763: [Full GC (Allocation Failure) 9.763: [CMS: 5119K->5119K(5120K), 0.0359754 secs] 9727K->9710K(9728K), [Metaspace: 30584K->30584K(1077248K)], 0.0360595 secs] [Times: user=0.04 sys=0.00, real=0.03 secs] 
9.799: [GC (CMS Initial Mark) [1 CMS-initial-mark: 5119K(5120K)] 9710K(9728K), 0.0038304 secs] [Times: user=0.00 sys=0.00, real=0.01 secs] 
9.803: [CMS-concurrent-mark-start]
9.803: [Full GC (Allocation Failure) 9.803: [CMS9.809: [CMS-concurrent-mark: 0.005/0.006 secs] [Times: user=0.01 sys=0.00, real=0.00 secs] 
 (concurrent mode failure): 5119K->5119K(5120K), 0.0413677 secs] 9727K->9719K(9728K), [Metaspace: 30585K->30585K(1077248K)], 0.0414574 secs] [Times: user=0.05 sys=0.00, real=0.04 secs] 
9.845: [Full GC (Allocation Failure) 9.845: [CMS: 5119K->5119K(5120K), 0.0364669 secs] 9727K->9723K(9728K), [Metaspace: 30585K->30585K(1077248K)], 0.0365658 secs] [Times: user=0.03 sys=0.00, real=0.04 secs] 
9.882: [GC (CMS Initial Mark) [1 CMS-initial-mark: 5119K(5120K)] 9724K(9728K), 0.0039332 secs] [Times: user=0.01 sys=0.00, real=0.00 secs] 
9.886: [CMS-concurrent-mark-start]
9.886: [Full GC (Allocation Failure) 9.886: [CMS9.892: [CMS-concurrent-mark: 0.005/0.007 secs] [Times: user=0.01 sys=0.00, real=0.01 secs] 
 (concurrent mode failure): 5119K->5119K(5120K), 0.0442986 secs] 9727K->9725K(9728K), [Metaspace: 30587K->30587K(1077248K)], 0.0443856 secs] [Times: user=0.05 sys=0.00, real=0.04 secs] 
9.931: [Full GC (Allocation Failure) 9.931: [CMS: 5119K->5119K(5120K), 0.0392067 secs] 9727K->9727K(9728K), [Metaspace: 30587K->30587K(1077248K)], 0.0393043 secs] [Times: user=0.04 sys=0.00, real=0.04 secs] 
9.970: [GC (CMS Initial Mark) [1 CMS-initial-mark: 5119K(5120K)] 9727K(9728K), 0.0043401 secs] [Times: user=0.00 sys=0.00, real=0.01 secs] 
9.975: [CMS-concurrent-mark-start]
9.975: [Full GC (Allocation Failure) 9.975: [CMS9.980: [CMS-concurrent-mark: 0.005/0.006 secs] [Times: user=0.01 sys=0.00, real=0.00 secs] 
 (concurrent mode failure): 5119K->5119K(5120K), 0.0416233 secs] 9727K->9726K(9728K), [Metaspace: 30587K->30587K(1077248K)], 0.0417110 secs] [Times: user=0.05 sys=0.00, real=0.04 secs] 
10.017: [Full GC (Allocation Failure) 10.017: [CMS: 5119K->5119K(5120K), 0.0315409 secs] 9727K->9727K(9728K), [Metaspace: 30587K->30587K(1077248K)], 0.0316221 secs] [Times: user=0.03 sys=0.00, real=0.03 secs] 
10.049: [Full GC (Allocation Failure) 10.049: [CMS: 5120K->5119K(5120K), 0.0324361 secs] 9727K->9727K(9728K), [Metaspace: 30587K->30587K(1077248K)], 0.0325708 secs] [Times: user=0.03 sys=0.00, real=0.04 secs] 
10.081: [Full GC (Allocation Failure) 10.081: [CMS: 5119K->5119K(5120K), 0.0324277 secs] 9727K->9727K(9728K), [Metaspace: 30587K->30587K(1077248K)], 0.0324984 secs] [Times: user=0.03 sys=0.00, real=0.03 secs] 
10.114: [GC (CMS Initial Mark) [1 CMS-initial-mark: 5119K(5120K)] 9727K(9728K), 0.0041459 secs] [Times: user=0.01 sys=0.00, real=0.00 secs] 
10.118: [CMS-concurrent-mark-start]
10.118: [Full GC (Allocation Failure) 10.118: [CMS10.124: [CMS-concurrent-mark: 0.005/0.006 secs] [Times: user=0.01 sys=0.00, real=0.01 secs] 
 (concurrent mode failure): 5119K->5119K(5120K), 0.0399276 secs] 9727K->9547K(9728K), [Metaspace: 30587K->30587K(1077248K)], 0.0400079 secs] [Times: user=0.04 sys=0.00, real=0.04 secs] 
10.160: [Full GC (Allocation Failure) 10.160: [CMS: 5119K->5119K(5120K), 0.0345173 secs] 9727K->9566K(9728K), [Metaspace: 30603K->30603K(1077248K)], 0.0346174 secs] [Times: user=0.04 sys=0.00, real=0.04 secs] 
10.195: [GC (CMS Initial Mark) [1 CMS-initial-mark: 5119K(5120K)] 9567K(9728K), 0.0036626 secs] [Times: user=0.00 sys=0.00, real=0.00 secs] 
10.198: [CMS-concurrent-mark-start]
10.201: [Full GC (Allocation Failure) 10.201: [CMS10.205: [CMS-concurrent-mark: 0.005/0.007 secs] [Times: user=0.02 sys=0.00, real=0.01 secs] 
 (concurrent mode failure): 5119K->5119K(5120K), 0.0386890 secs] 9727K->9277K(9728K), [Metaspace: 30612K->30612K(1077248K)], 0.0387876 secs] [Times: user=0.04 sys=0.00, real=0.03 secs] 
10.242: [Full GC (Allocation Failure) 10.242: [CMS: 5119K->5119K(5120K), 0.0326533 secs] 9727K->9299K(9728K), [Metaspace: 30629K->30629K(1077248K)], 0.0327499 secs] [Times: user=0.04 sys=0.00, real=0.03 secs] 
10.275: [GC (CMS Initial Mark) [1 CMS-initial-mark: 5119K(5120K)] 9351K(9728K), 0.0036370 secs] [Times: user=0.00 sys=0.00, real=0.00 secs] 
10.279: [CMS-concurrent-mark-start]
10.279: [Full GC (Allocation Failure) 10.279: [CMS10.285: [CMS-concurrent-mark: 0.005/0.006 secs] [Times: user=0.01 sys=0.00, real=0.01 secs] 
 (concurrent mode failure): 5119K->5119K(5120K), 0.0361300 secs] 9722K->9292K(9728K), [Metaspace: 30625K->30625K(1077248K)], 0.0362122 secs] [Times: user=0.04 sys=0.00, real=0.04 secs] 
10.319: [Full GC (Allocation Failure) 10.319: [CMS: 5119K->5119K(5120K), 0.0322141 secs] 9727K->9335K(9728K), [Metaspace: 30664K->30664K(1077248K)], 0.0323077 secs] [Times: user=0.04 sys=0.00, real=0.04 secs] 
10.352: [GC (CMS Initial Mark) [1 CMS-initial-mark: 5119K(5120K)] 9339K(9728K), 0.0038942 secs] [Times: user=0.00 sys=0.00, real=0.00 secs] 
10.356: [CMS-concurrent-mark-start]
10.363: [Full GC (Allocation Failure) 10.363: [CMS10.364: [CMS-concurrent-mark: 0.006/0.008 secs] [Times: user=0.02 sys=0.00, real=0.01 secs] 
 (concurrent mode failure): 5119K->5119K(5120K), 0.0674862 secs] 9727K->9176K(9728K), [Metaspace: 30714K->30714K(1077248K)], 0.0678146 secs] [Times: user=0.06 sys=0.00, real=0.07 secs] 
10.445: [Full GC (Allocation Failure) 10.446: [CMS: 5120K->5119K(5120K), 0.0640885 secs] 9727K->9186K(9728K), [Metaspace: 30668K->30668K(1077248K)], 0.0643444 secs] [Times: user=0.06 sys=0.00, real=0.06 secs] 
10.510: [GC (CMS Initial Mark) [1 CMS-initial-mark: 5119K(5120K)] 9186K(9728K), 0.0063072 secs] [Times: user=0.01 sys=0.01, real=0.01 secs] 
10.517: [CMS-concurrent-mark-start]
10.523: [CMS-concurrent-mark: 0.007/0.007 secs] [Times: user=0.02 sys=0.00, real=0.01 secs] 
10.524: [CMS-concurrent-preclean-start]
10.525: [Full GC (Allocation Failure) 10.525: [CMS10.530: [CMS-concurrent-preclean: 0.006/0.006 secs] [Times: user=0.01 sys=0.00, real=0.00 secs] 
 (concurrent mode failure): 5119K->5120K(5120K), 0.0489758 secs] 9727K->9209K(9728K), [Metaspace: 30698K->30698K(1077248K)], 0.0491051 secs] [Times: user=0.05 sys=0.00, real=0.05 secs] 
10.577: [Full GC (Allocation Failure) 10.577: [CMS: 5120K->5120K(5120K), 0.0368792 secs] 9727K->9256K(9728K), [Metaspace: 30704K->30704K(1077248K)], 0.0369653 secs] [Times: user=0.04 sys=0.00, real=0.04 secs] 
10.615: [GC (CMS Initial Mark) [1 CMS-initial-mark: 5120K(5120K)] 9256K(9728K), 0.0036092 secs] [Times: user=0.00 sys=0.00, real=0.00 secs] 
10.618: [CMS-concurrent-mark-start]
10.621: [Full GC (Allocation Failure) 10.621: [CMS10.625: [CMS-concurrent-mark: 0.005/0.007 secs] [Times: user=0.02 sys=0.00, real=0.01 secs] 
 (concurrent mode failure): 5120K->5119K(5120K), 0.0458350 secs] 9728K->9261K(9728K), [Metaspace: 30728K->30728K(1077248K)], 0.0459204 secs] [Times: user=0.05 sys=0.00, real=0.04 secs] 
10.671: [Full GC (Allocation Failure) 10.671: [CMS: 5119K->5119K(5120K), 0.0355902 secs] 9717K->9299K(9728K), [Metaspace: 30743K->30743K(1077248K)], 0.0356755 secs] [Times: user=0.04 sys=0.00, real=0.03 secs] 
10.707: [GC (CMS Initial Mark) [1 CMS-initial-mark: 5119K(5120K)] 9383K(9728K), 0.0037223 secs] [Times: user=0.00 sys=0.00, real=0.01 secs] 
10.711: [CMS-concurrent-mark-start]
10.713: [Full GC (Allocation Failure) 10.713: [CMS10.717: [CMS-concurrent-mark: 0.005/0.006 secs] [Times: user=0.02 sys=0.00, real=0.00 secs] 
 (concurrent mode failure): 5119K->5119K(5120K), 0.0372766 secs] 9727K->7753K(9728K), [Metaspace: 30756K->30756K(1077248K)], 0.0373736 secs] [Times: user=0.04 sys=0.00, real=0.03 secs] 
Heap
 par new generation   total 4608K, used 3029K [0x00000007bf600000, 0x00000007bfb00000, 0x00000007bfb00000)
  eden space 4096K,  73% used [0x00000007bf600000, 0x00000007bf8f5618, 0x00000007bfa00000)
  from space 512K,   0% used [0x00000007bfa00000, 0x00000007bfa00000, 0x00000007bfa80000)
  to   space 512K,   0% used [0x00000007bfa80000, 0x00000007bfa80000, 0x00000007bfb00000)
 concurrent mark-sweep generation total 5120K, used 5119K [0x00000007bfb00000, 0x00000007c0000000, 0x00000007c0000000)
 Metaspace       used 30788K, capacity 32222K, committed 32384K, reserved 1077248K
  class space    used 4108K, capacity 4396K, committed 4480K, reserved 1048576K
